Component: ARM Compiler 5.06 update 4 (build 422) Tool: armlink [4d35d2]

==============================================================================

Section Cross References

    board.o(.text) refers to stm32f1xx_hal_gpio.o(.text) for HAL_GPIO_Init
    board.o(.text) refers to stm32f1xx_hal_tim.o(.text) for HAL_TIM_Base_Init
    board.o(.text) refers to stm32f1xx_hal_tim_ex.o(.text) for HAL_TIMEx_MasterConfigSynchronization
    board.o(.text) refers to memcpya.o(.text) for __aeabi_memcpy
    board.o(.text) refers to crc.o(.text) for CRC8_Generate
    board.o(.text) refers to stm32f1xx_hal_rcc_ex.o(.text) for HAL_RCCEx_PeriphCLKConfig
    board.o(.text) refers to board.o(.bss) for TimHandle
    board.o(.text) refers to main.o(.bss) for asDataHwInfor
    board.o(.text) refers to main.o(.data) for asStateMechine
    board.o(.text) refers to stm32f1xx_hal_dma.o(.text) for HAL_DMA_DeInit
    board.o(.text) refers to stm32f1xx_hal_adc.o(.text) for HAL_ADC_Init
    board.o(.text) refers to fflti.o(.text) for __aeabi_i2f
    board.o(.text) refers to ffltui.o(.text) for __aeabi_ui2f
    board.o(.text) refers to fadd.o(.text) for __aeabi_fsub
    board.o(.text) refers to f2d.o(.text) for __aeabi_f2d
    board.o(.text) refers to dmul.o(.text) for __aeabi_dmul
    board.o(.text) refers to dadd.o(.text) for __aeabi_dadd
    board.o(.text) refers to d2f.o(.text) for __aeabi_d2f
    board.o(.text) refers to dfixui.o(.text) for __aeabi_d2uiz
    board.o(.text) refers to ffixui.o(.text) for __aeabi_f2uiz
    board.o(.text) refers to board.o(.data) for aFlagFirstCall
    board.o(.text) refers to stm32f1xx_hal_flash_ex.o(.text) for HAL_FLASHEx_OBGetConfig
    board.o(.text) refers to stm32f1xx_hal_flash.o(.text) for HAL_FLASH_Unlock
    board.o(.text) refers to ddiv.o(.text) for __aeabi_ddiv
    board.o(.text) refers to dfixi.o(.text) for __aeabi_d2iz
    closeloopcontrol.o(.text) refers to cfcmple.o(.text) for __aeabi_cfcmple
    closeloopcontrol.o(.text) refers to fmul.o(.text) for __aeabi_fmul
    closeloopcontrol.o(.text) refers to cdcmple.o(.text) for __aeabi_cdcmple
    closeloopcontrol.o(.text) refers to dmul.o(.text) for __aeabi_dmul
    closeloopcontrol.o(.text) refers to dadd.o(.text) for __aeabi_dsub
    closeloopcontrol.o(.text) refers to d2f.o(.text) for __aeabi_d2f
    closeloopcontrol.o(.text) refers to cfrcmple.o(.text) for __aeabi_cfrcmple
    closeloopcontrol.o(.text) refers to cdrcmple.o(.text) for __aeabi_cdrcmple
    closeloopcontrol.o(.text) refers to ddiv.o(.text) for __aeabi_ddiv
    closeloopcontrol.o(.text) refers to main.o(.data) for asStateMechine
    closeloopcontrol.o(.text) refers to main.o(.bss) for asRuningInforCurrent
    closeloopcontrol.o(.text) refers to closeloopcontrol.o(.data) for countTuning
    closeloopcontrol.o(.text) refers to dfixui.o(.text) for __aeabi_d2uiz
    closeloopcontrol.o(.text) refers to sqrt.o(i.sqrt) for sqrt
    closeloopcontrol.o(.text) refers to dfltui.o(.text) for __aeabi_ui2d
    closeloopcontrol.o(.text) refers to dfltl.o(.text) for __aeabi_l2d
    closeloopcontrol.o(.text) refers to f2d.o(.text) for __aeabi_f2d
    closeloopcontrol.o(.text) refers to fadd.o(.text) for __aeabi_fsub
    closeloopcontrol.o(.text) refers to ffixi.o(.text) for __aeabi_f2iz
    closeloopcontrol.o(.text) refers to board.o(.text) for DCM_UpdateDuty
    closeloopcontrol.o(.text) refers to stm32f1xx_hal_gpio.o(.text) for HAL_GPIO_ReadPin
    closeloopcontrol.o(.text) refers to externalcounter.o(.data) for aExternCounterValue
    closeloopcontrol.o(.text) refers to dflti.o(.text) for __aeabi_i2d
    closeloopcontrol.o(.text) refers to ffixui.o(.text) for __aeabi_f2uiz
    closeloopcontrol.o(.text) refers to fflti.o(.text) for __aeabi_i2f
    closeloopcontrol.o(.text) refers to fdiv.o(.text) for __aeabi_fdiv
    closeloopcontrol.o(.text) refers to pow.o(i.pow) for pow
    closeloopcontrol.o(.text) refers to acos.o(i.acos) for acos
    closeloopcontrol.o(.text) refers to cos.o(i.cos) for cos
    closeloopcontrol.o(.text) refers to memseta.o(.text) for __aeabi_memclr4
    closeloopcontrol.o(.text) refers to ffltui.o(.text) for __aeabi_ui2f
    closeloopcontrol.o(.text) refers to closeloopcontrol.o(.bss) for wArray
    closeloopcontrol.o(.text) refers to encoderincremental.o(.text) for ENCODER_Read
    closeloopcontrol.o(.text) refers to externalcounter.o(.text) for ReadExternalCounter
    closeloopcontrol.o(.text) refers to encoderincremental.o(.data) for EncoderCounterValue
    command.o(.text) refers to transfer.o(.text) for PAYLOAD_Transmit
    command.o(.text) refers to memcpya.o(.text) for __aeabi_memcpy
    command.o(.text) refers to stm32f1xx_hal_gpio.o(.text) for HAL_GPIO_WritePin
    command.o(.text) refers to stm32f1xx_hal_cortex.o(.text) for HAL_NVIC_SystemReset
    command.o(.text) refers to externalcounter.o(.text) for ExternalCounterInit
    command.o(.text) refers to dfltui.o(.text) for __aeabi_ui2d
    command.o(.text) refers to dmul.o(.text) for __aeabi_dmul
[...]
    USB_LP_CAN1_RX0_IRQHandler               0x0800588d   Thumb Code    10  stm32f1xx_it.o(.text)
    USBWakeUp_IRQHandler                     0x08005897   Thumb Code    10  stm32f1xx_it.o(.text)
    EXTI9_5_IRQHandler                       0x080058a1   Thumb Code     8  stm32f1xx_it.o(.text)
    EXTI15_10_IRQHandler                     0x080058a9   Thumb Code     2  stm32f1xx_it.o(.text)
    EXTI2_IRQHandler                         0x080058ab   Thumb Code     2  stm32f1xx_it.o(.text)
    TIM2_IRQHandler                          0x080058ad   Thumb Code     8  stm32f1xx_it.o(.text)
    USART2_IRQHandler                        0x080058b5   Thumb Code     8  stm32f1xx_it.o(.text)
    STRING_Process                           0x080058c5   Thumb Code   340  string_user.o(.text)
    PAYLOAD_Crc8                             0x08005a2d   Thumb Code    50  transfer.o(.text)
    PAYLOAD_Create                           0x08005a5f   Thumb Code    54  transfer.o(.text)
    PAYLOAD_Transmit                         0x08005a95   Thumb Code    76  transfer.o(.text)
    PAYLOAD_Process                          0x08005ae1   Thumb Code    50  transfer.o(.text)
    PAYLOAD_DataIncommingProcess             0x08005b13   Thumb Code   194  transfer.o(.text)
    PAYLOAD_DatasCommingProcess              0x08005bd5   Thumb Code    26  transfer.o(.text)
    HAL_InitTick                             0x08005c0f   Thumb Code    36  stm32f1xx_hal.o(.text)
    HAL_Init                                 0x08005c33   Thumb Code    34  stm32f1xx_hal.o(.text)
    HAL_DeInit                               0x08005c57   Thumb Code    30  stm32f1xx_hal.o(.text)
    HAL_IncTick                              0x08005c75   Thumb Code    12  stm32f1xx_hal.o(.text)
    HAL_GetTick                              0x08005c81   Thumb Code     6  stm32f1xx_hal.o(.text)
    HAL_Delay                                0x08005c87   Thumb Code    26  stm32f1xx_hal.o(.text)
    HAL_SuspendTick                          0x08005ca1   Thumb Code    18  stm32f1xx_hal.o(.text)
    HAL_ResumeTick                           0x08005cb3   Thumb Code    18  stm32f1xx_hal.o(.text)
    HAL_GetHalVersion                        0x08005cc5   Thumb Code     6  stm32f1xx_hal.o(.text)
    HAL_GetREVID                             0x08005ccb   Thumb Code    18  stm32f1xx_hal.o(.text)
    HAL_GetDEVID                             0x08005cdd   Thumb Code    10  stm32f1xx_hal.o(.text)
    HAL_DBGMCU_EnableDBGSleepMode            0x08005ce7   Thumb Code    14  stm32f1xx_hal.o(.text)
    HAL_DBGMCU_DisableDBGSleepMode           0x08005cf5   Thumb Code    14  stm32f1xx_hal.o(.text)
    HAL_DBGMCU_EnableDBGStopMode             0x08005d03   Thumb Code    14  stm32f1xx_hal.o(.text)
    HAL_DBGMCU_DisableDBGStopMode            0x08005d11   Thumb Code    14  stm32f1xx_hal.o(.text)
    HAL_DBGMCU_EnableDBGStandbyMode          0x08005d1f   Thumb Code    14  stm32f1xx_hal.o(.text)
    HAL_DBGMCU_DisableDBGStandbyMode         0x08005d2d   Thumb Code    14  stm32f1xx_hal.o(.text)
    ADC_ConversionStop_Disable               0x08005d51   Thumb Code    80  stm32f1xx_hal_adc.o(.text)
    HAL_ADC_Init                             0x08005da3   Thumb Code   272  stm32f1xx_hal_adc.o(.text)
    HAL_ADC_MspDeInit                        0x08005eb3   Thumb Code     2  stm32f1xx_hal_adc.o(.text)
    HAL_ADC_DeInit                           0x08005eb5   Thumb Code   262  stm32f1xx_hal_adc.o(.text)
    ADC_Enable                               0x08005fbb   Thumb Code   120  stm32f1xx_hal_adc.o(.text)
    HAL_ADC_Start                            0x08006033   Thumb Code   172  stm32f1xx_hal_adc.o(.text)
    HAL_ADC_Stop                             0x080060df   Thumb Code    60  stm32f1xx_hal_adc.o(.text)
    HAL_ADC_PollForConversion                0x0800611b   Thumb Code   354  stm32f1xx_hal_adc.o(.text)
    HAL_ADC_PollForEvent                     0x0800627d   Thumb Code   100  stm32f1xx_hal_adc.o(.text)
    HAL_ADC_Start_IT                         0x080062e1   Thumb Code   184  stm32f1xx_hal_adc.o(.text)
    HAL_ADC_Stop_IT                          0x08006399   Thumb Code    72  stm32f1xx_hal_adc.o(.text)
    HAL_ADC_ErrorCallback                    0x080063e1   Thumb Code     2  stm32f1xx_hal_adc.o(.text)
    ADC_DMAError                             0x080063e3   Thumb Code    28  stm32f1xx_hal_adc.o(.text)
    HAL_ADC_ConvHalfCpltCallback             0x080063ff   Thumb Code     2  stm32f1xx_hal_adc.o(.text)
    ADC_DMAHalfConvCplt                      0x08006401   Thumb Code    14  stm32f1xx_hal_adc.o(.text)
    HAL_ADC_ConvCpltCallback                 0x0800640f   Thumb Code     2  stm32f1xx_hal_adc.o(.text)
    ADC_DMAConvCplt                          0x08006411   Thumb Code    62  stm32f1xx_hal_adc.o(.text)
    HAL_ADC_Start_DMA                        0x0800644f   Thumb Code   238  stm32f1xx_hal_adc.o(.text)
    HAL_ADC_Stop_DMA                         0x0800653d   Thumb Code    92  stm32f1xx_hal_adc.o(.text)
    HAL_ADC_GetValue                         0x08006599   Thumb Code     8  stm32f1xx_hal_adc.o(.text)
    HAL_ADC_LevelOutOfWindowCallback         0x080065a1   Thumb Code     2  stm32f1xx_hal_adc.o(.text)
    HAL_ADC_IRQHandler                       0x080065a3   Thumb Code   296  stm32f1xx_hal_adc.o(.text)
    HAL_ADC_ConfigChannel                    0x080066cb   Thumb Code   446  stm32f1xx_hal_adc.o(.text)
    HAL_ADC_AnalogWDGConfig                  0x08006889   Thumb Code   130  stm32f1xx_hal_adc.o(.text)
    HAL_ADC_GetState                         0x0800690b   Thumb Code     8  stm32f1xx_hal_adc.o(.text)
    HAL_ADC_GetError                         0x08006913   Thumb Code     6  stm32f1xx_hal_adc.o(.text)
    HAL_ADCEx_Calibration_Start              0x08006935   Thumb Code   220  stm32f1xx_hal_adc_ex.o(.text)
    HAL_ADCEx_InjectedStart                  0x08006a11   Thumb Code   182  stm32f1xx_hal_adc_ex.o(.text)
    HAL_ADCEx_InjectedStop                   0x08006ac7   Thumb Code    96  stm32f1xx_hal_adc_ex.o(.text)
    HAL_ADCEx_InjectedPollForConversion      0x08006b27   Thumb Code   294  stm32f1xx_hal_adc_ex.o(.text)
    HAL_ADCEx_InjectedStart_IT               0x08006c4d   Thumb Code   194  stm32f1xx_hal_adc_ex.o(.text)
    HAL_ADCEx_InjectedStop_IT                0x08006d0f   Thumb Code   134  stm32f1xx_hal_adc_ex.o(.text)
    HAL_ADCEx_MultiModeStart_DMA             0x08006d95   Thumb Code   250  stm32f1xx_hal_adc_ex.o(.text)
    HAL_ADCEx_MultiModeStop_DMA              0x08006e8f   Thumb Code   166  stm32f1xx_hal_adc_ex.o(.text)
    HAL_ADCEx_InjectedGetValue               0x08006f35   Thumb Code    64  stm32f1xx_hal_adc_ex.o(.text)
    HAL_ADCEx_MultiModeGetValue              0x08006f75   Thumb Code    30  stm32f1xx_hal_adc_ex.o(.text)
    HAL_ADCEx_InjectedConvCpltCallback       0x08006f93   Thumb Code     2  stm32f1xx_hal_adc_ex.o(.text)
    HAL_ADCEx_InjectedConfigChannel          0x08006f95   Thumb Code   692  stm32f1xx_hal_adc_ex.o(.text)
    HAL_ADCEx_MultiModeConfigChannel         0x08007249   Thumb Code   104  stm32f1xx_hal_adc_ex.o(.text)
    HAL_NVIC_SetPriorityGrouping             0x080072e1   Thumb Code    36  stm32f1xx_hal_cortex.o(.text)
    HAL_NVIC_SetPriority                     0x08007305   Thumb Code   124  stm32f1xx_hal_cortex.o(.text)
    HAL_NVIC_EnableIRQ                       0x08007381   Thumb Code    26  stm32f1xx_hal_cortex.o(.text)
    HAL_NVIC_DisableIRQ                      0x0800739b   Thumb Code    22  stm32f1xx_hal_cortex.o(.text)
    HAL_NVIC_SystemReset                     0x080073b1   Thumb Code    38  stm32f1xx_hal_cortex.o(.text)
    HAL_SYSTICK_Config                       0x080073d7   Thumb Code    52  stm32f1xx_hal_cortex.o(.text)
    HAL_NVIC_GetPriorityGrouping             0x0800740b   Thumb Code     8  stm32f1xx_hal_cortex.o(.text)
    HAL_NVIC_GetPriority                     0x08007413   Thumb Code   138  stm32f1xx_hal_cortex.o(.text)
    HAL_NVIC_SetPendingIRQ                   0x0800749d   Thumb Code    24  stm32f1xx_hal_cortex.o(.text)
    HAL_NVIC_GetPendingIRQ                   0x080074b5   Thumb Code    38  stm32f1xx_hal_cortex.o(.text)
    HAL_NVIC_ClearPendingIRQ                 0x080074db   Thumb Code    22  stm32f1xx_hal_cortex.o(.text)
    HAL_NVIC_GetActive                       0x080074f1   Thumb Code    38  stm32f1xx_hal_cortex.o(.text)
    HAL_SYSTICK_CLKSourceConfig              0x08007517   Thumb Code    40  stm32f1xx_hal_cortex.o(.text)
    HAL_SYSTICK_Callback                     0x0800753f   Thumb Code     2  stm32f1xx_hal_cortex.o(.text)
    HAL_SYSTICK_IRQHandler                   0x08007541   Thumb Code     8  stm32f1xx_hal_cortex.o(.text)
    HAL_DMA_Init                             0x08007569   Thumb Code    84  stm32f1xx_hal_dma.o(.text)
    HAL_DMA_DeInit                           0x080075bd   Thumb Code   364  stm32f1xx_hal_dma.o(.text)
    HAL_DMA_Start                            0x08007749   Thumb Code    82  stm32f1xx_hal_dma.o(.text)
    HAL_DMA_Start_IT                         0x0800779b   Thumb Code   118  stm32f1xx_hal_dma.o(.text)
    HAL_DMA_Abort                            0x08007811   Thumb Code    98  stm32f1xx_hal_dma.o(.text)
    HAL_DMA_PollForTransfer                  0x08007873   Thumb Code   742  stm32f1xx_hal_dma.o(.text)
    HAL_DMA_IRQHandler                       0x08007b59   Thumb Code   784  stm32f1xx_hal_dma.o(.text)
    HAL_DMA_GetState                         0x08007e69   Thumb Code     8  stm32f1xx_hal_dma.o(.text)
    HAL_DMA_GetError                         0x08007e71   Thumb Code     6  stm32f1xx_hal_dma.o(.text)
    FLASH_WaitForLastOperation               0x08007e7d   Thumb Code   106  stm32f1xx_hal_flash.o(.text)
    HAL_FLASH_Program                        0x08007ee7   Thumb Code   168  stm32f1xx_hal_flash.o(.text)
    HAL_FLASH_Program_IT                     0x08007f8f   Thumb Code   114  stm32f1xx_hal_flash.o(.text)
    HAL_FLASH_EndOfOperationCallback         0x08008001   Thumb Code     2  stm32f1xx_hal_flash.o(.text)
    HAL_FLASH_OperationErrorCallback         0x08008003   Thumb Code     2  stm32f1xx_hal_flash.o(.text)
    HAL_FLASH_IRQHandler                     0x08008005   Thumb Code   364  stm32f1xx_hal_flash.o(.text)
    HAL_FLASH_Unlock                         0x08008171   Thumb Code    30  stm32f1xx_hal_flash.o(.text)
    HAL_FLASH_Lock                           0x0800818f   Thumb Code    16  stm32f1xx_hal_flash.o(.text)
    HAL_FLASH_OB_Unlock                      0x0800819f   Thumb Code    30  stm32f1xx_hal_flash.o(.text)
    HAL_FLASH_OB_Lock                        0x080081bd   Thumb Code    16  stm32f1xx_hal_flash.o(.text)
    HAL_FLASH_OB_Launch                      0x080081cd   Thumb Code    10  stm32f1xx_hal_flash.o(.text)
    HAL_FLASH_GetError                       0x080081d7   Thumb Code     6  stm32f1xx_hal_flash.o(.text)
    FLASH_PageErase                          0x080081ed   Thumb Code    32  stm32f1xx_hal_flash_ex.o(.text)
    HAL_FLASHEx_Erase                        0x0800822b   Thumb Code   206  stm32f1xx_hal_flash_ex.o(.text)
    HAL_FLASHEx_Erase_IT                     0x080082f9   Thumb Code    92  stm32f1xx_hal_flash_ex.o(.text)
    HAL_FLASHEx_OBErase                      0x080083ab   Thumb Code    90  stm32f1xx_hal_flash_ex.o(.text)
    HAL_FLASHEx_OBProgram                    0x0800863b   Thumb Code    98  stm32f1xx_hal_flash_ex.o(.text)
    HAL_FLASHEx_OBGetConfig                  0x080086ad   Thumb Code    28  stm32f1xx_hal_flash_ex.o(.text)
    FLASH_Program_HalfWord                   0x080086c9   Thumb Code    22  stm32f1xx_hal_flash_ex.o(.text)
    FLASH_SetErrorCode                       0x080086df   Thumb Code    94  stm32f1xx_hal_flash_ex.o(.text)
    HAL_GPIO_Init                            0x08008749   Thumb Code   764  stm32f1xx_hal_gpio.o(.text)
    HAL_GPIO_DeInit                          0x08008a45   Thumb Code   288  stm32f1xx_hal_gpio.o(.text)
    HAL_GPIO_ReadPin                         0x08008b65   Thumb Code    16  stm32f1xx_hal_gpio.o(.text)
    HAL_GPIO_WritePin                        0x08008b75   Thumb Code    12  stm32f1xx_hal_gpio.o(.text)
    HAL_GPIO_TogglePin                       0x08008b81   Thumb Code     8  stm32f1xx_hal_gpio.o(.text)
    HAL_GPIO_LockPin                         0x08008b89   Thumb Code    46  stm32f1xx_hal_gpio.o(.text)
    HAL_GPIO_EXTI_Callback                   0x08008bb7   Thumb Code     2  stm32f1xx_hal_gpio.o(.text)
    HAL_GPIO_EXTI_IRQHandler                 0x08008bb9   Thumb Code    28  stm32f1xx_hal_gpio.o(.text)
    HAL_MspInit                              0x08008bf5   Thumb Code     2  stm32f1xx_hal_msp_template.o(.text)
    HAL_MspDeInit                            0x08008bf7   Thumb Code     2  stm32f1xx_hal_msp_template.o(.text)
    HAL_PPP_MspInit                          0x08008bf9   Thumb Code     2  stm32f1xx_hal_msp_template.o(.text)
    HAL_PPP_MspDeInit                        0x08008bfb   Thumb Code     2  stm32f1xx_hal_msp_template.o(.text)
    HAL_PCD_Init                             0x08008bff   Thumb Code   282  stm32f1xx_hal_pcd.o(.text)
    HAL_PCD_Stop                             0x08008d1b   Thumb Code    58  stm32f1xx_hal_pcd.o(.text)
    HAL_PCD_DeInit                           0x08008d55   Thumb Code    38  stm32f1xx_hal_pcd.o(.text)
    HAL_PCD_Start                            0x08008d7b   Thumb Code    60  stm32f1xx_hal_pcd.o(.text)
    HAL_PCD_SetAddress                       0x08008dbd   Thumb Code    54  stm32f1xx_hal_pcd.o(.text)
    HAL_PCD_EP_Transmit                      0x08008df5   Thumb Code   108  stm32f1xx_hal_pcd.o(.text)
    HAL_PCD_EP_Receive                       0x08008e63   Thumb Code   106  stm32f1xx_hal_pcd.o(.text)
    HAL_PCD_IRQHandler                       0x08009315   Thumb Code   356  stm32f1xx_hal_pcd.o(.text)
    HAL_PCD_DevConnect                       0x08009481   Thumb Code    54  stm32f1xx_hal_pcd.o(.text)
    HAL_PCD_DevDisconnect                    0x080094b7   Thumb Code    54  stm32f1xx_hal_pcd.o(.text)
    HAL_PCD_EP_Open                          0x080094ed   Thumb Code   118  stm32f1xx_hal_pcd.o(.text)
    HAL_PCD_EP_Close                         0x08009563   Thumb Code   100  stm32f1xx_hal_pcd.o(.text)
    HAL_PCD_EP_GetRxCount                    0x080095c7   Thumb Code    20  stm32f1xx_hal_pcd.o(.text)
    HAL_PCD_EP_SetStall                      0x080095db   Thumb Code   114  stm32f1xx_hal_pcd.o(.text)
    HAL_PCD_EP_ClrStall                      0x0800964d   Thumb Code    98  stm32f1xx_hal_pcd.o(.text)
    HAL_PCD_EP_Flush                         0x080096af   Thumb Code    68  stm32f1xx_hal_pcd.o(.text)
    HAL_PCD_ActivateRemoteWakeup             0x080096f3   Thumb Code    12  stm32f1xx_hal_pcd.o(.text)
    HAL_PCD_DeActivateRemoteWakeup           0x080096ff   Thumb Code    12  stm32f1xx_hal_pcd.o(.text)
    HAL_PCD_GetState                         0x0800970b   Thumb Code     8  stm32f1xx_hal_pcd.o(.text)
    HAL_PCDEx_PMAConfig                      0x08009713   Thumb Code    62  stm32f1xx_hal_pcd_ex.o(.text)
    HAL_RCC_DeInit                           0x08009751   Thumb Code    72  stm32f1xx_hal_rcc.o(.text)
    HAL_RCC_OscConfig                        0x08009799   Thumb Code  2476  stm32f1xx_hal_rcc.o(.text)
    HAL_RCC_MCOConfig                        0x0800a363   Thumb Code    80  stm32f1xx_hal_rcc.o(.text)
    HAL_RCC_EnableCSS                        0x0800a3b3   Thumb Code    20  stm32f1xx_hal_rcc.o(.text)
    HAL_RCC_DisableCSS                       0x0800a3c7   Thumb Code    22  stm32f1xx_hal_rcc.o(.text)
    HAL_RCC_GetSysClockFreq                  0x0800a3dd   Thumb Code   146  stm32f1xx_hal_rcc.o(.text)
    HAL_RCC_GetHCLKFreq                      0x0800a46f   Thumb Code    42  stm32f1xx_hal_rcc.o(.text)
    HAL_RCC_GetPCLK1Freq                     0x0800a499   Thumb Code    36  stm32f1xx_hal_rcc.o(.text)
    HAL_RCC_GetPCLK2Freq                     0x0800a4bd   Thumb Code    36  stm32f1xx_hal_rcc.o(.text)
    HAL_RCC_GetOscConfig                     0x0800a4e1   Thumb Code   204  stm32f1xx_hal_rcc.o(.text)
    HAL_RCC_CSSCallback                      0x0800a5e1   Thumb Code     2  stm32f1xx_hal_rcc.o(.text)
    HAL_RCC_NMI_IRQHandler                   0x0800a5e3   Thumb Code    26  stm32f1xx_hal_rcc.o(.text)
    HAL_RCC_ClockConfig                      0x0800a62d   Thumb Code  1072  stm32f1xx_hal_rcc_ex.o(.text)
    HAL_RCC_GetClockConfig                   0x0800aa5d   Thumb Code    58  stm32f1xx_hal_rcc_ex.o(.text)
    HAL_RCCEx_PeriphCLKConfig                0x0800aa97   Thumb Code   362  stm32f1xx_hal_rcc_ex.o(.text)
    HAL_RCCEx_GetPeriphCLKConfig             0x0800ac01   Thumb Code    54  stm32f1xx_hal_rcc_ex.o(.text)
    HAL_RCCEx_GetPeriphCLKFreq               0x0800ac37   Thumb Code   296  stm32f1xx_hal_rcc_ex.o(.text)
    TIM_Base_SetConfig                       0x0800ad8d   Thumb Code    94  stm32f1xx_hal_tim.o(.text)
    HAL_TIM_Base_Init                        0x0800aded   Thumb Code    52  stm32f1xx_hal_tim.o(.text)
    HAL_TIM_Base_MspDeInit                   0x0800ae21   Thumb Code     2  stm32f1xx_hal_tim.o(.text)
    HAL_TIM_Base_DeInit                      0x0800ae23   Thumb Code    70  stm32f1xx_hal_tim.o(.text)
    HAL_TIM_Base_Start                       0x0800ae69   Thumb Code    30  stm32f1xx_hal_tim.o(.text)
    HAL_TIM_Base_Stop                        0x0800ae87   Thumb Code    56  stm32f1xx_hal_tim.o(.text)
    HAL_TIM_Base_Start_IT                    0x0800aebf   Thumb Code    30  stm32f1xx_hal_tim.o(.text)
    HAL_TIM_Base_Stop_IT                     0x0800aedd   Thumb Code    56  stm32f1xx_hal_tim.o(.text)
    HAL_TIM_ErrorCallback                    0x0800af15   Thumb Code     2  stm32f1xx_hal_tim.o(.text)
    TIM_DMAError                             0x0800af17   Thumb Code    20  stm32f1xx_hal_tim.o(.text)
    HAL_TIM_Base_Start_DMA                   0x0800af41   Thumb Code    98  stm32f1xx_hal_tim.o(.text)
    HAL_TIM_Base_Stop_DMA                    0x0800afa3   Thumb Code    62  stm32f1xx_hal_tim.o(.text)
    HAL_TIM_OC_MspInit                       0x0800afe1   Thumb Code     2  stm32f1xx_hal_tim.o(.text)
    HAL_TIM_OC_Init                          0x0800afe3   Thumb Code    52  stm32f1xx_hal_tim.o(.text)
    HAL_TIM_OC_MspDeInit                     0x0800b017   Thumb Code     2  stm32f1xx_hal_tim.o(.text)
    HAL_TIM_OC_DeInit                        0x0800b019   Thumb Code    70  stm32f1xx_hal_tim.o(.text)
    TIM_CCxChannelCmd                        0x0800b05f   Thumb Code    28  stm32f1xx_hal_tim.o(.text)
    HAL_TIM_OC_Start                         0x0800b07b   Thumb Code    60  stm32f1xx_hal_tim.o(.text)
    HAL_TIM_OC_Stop                          0x0800b0b7   Thumb Code   112  stm32f1xx_hal_tim.o(.text)
    HAL_TIM_OC_Start_IT                      0x0800b127   Thumb Code   152  stm32f1xx_hal_tim.o(.text)
    HAL_TIM_OC_Stop_IT                       0x0800b1bf   Thumb Code   188  stm32f1xx_hal_tim.o(.text)
    HAL_TIM_PWM_PulseFinishedCallback        0x0800b27b   Thumb Code     2  stm32f1xx_hal_tim.o(.text)
    TIM_DMADelayPulseCplt                    0x0800b27d   Thumb Code    70  stm32f1xx_hal_tim.o(.text)
    HAL_TIM_OC_Start_DMA                     0x0800b2c3   Thumb Code   304  stm32f1xx_hal_tim.o(.text)
    HAL_TIM_OC_Stop_DMA                      0x0800b3f3   Thumb Code   194  stm32f1xx_hal_tim.o(.text)
    HAL_TIM_PWM_MspInit                      0x0800b4b5   Thumb Code     2  stm32f1xx_hal_tim.o(.text)
    HAL_TIM_PWM_Init                         0x0800b4b7   Thumb Code    52  stm32f1xx_hal_tim.o(.text)
    HAL_TIM_PWM_MspDeInit                    0x0800b4eb   Thumb Code     2  stm32f1xx_hal_tim.o(.text)
    HAL_TIM_PWM_DeInit                       0x0800b4ed   Thumb Code    70  stm32f1xx_hal_tim.o(.text)
    HAL_TIM_PWM_Start                        0x0800b533   Thumb Code    66  stm32f1xx_hal_tim.o(.text)
    HAL_TIM_PWM_Stop                         0x0800b575   Thumb Code   118  stm32f1xx_hal_tim.o(.text)
    HAL_TIM_PWM_Start_IT                     0x0800b5eb   Thumb Code   136  stm32f1xx_hal_tim.o(.text)
    HAL_TIM_PWM_Stop_IT                      0x0800b673   Thumb Code   188  stm32f1xx_hal_tim.o(.text)
    HAL_TIM_PWM_Start_DMA                    0x0800b72f   Thumb Code   304  stm32f1xx_hal_tim.o(.text)
    HAL_TIM_PWM_Stop_DMA                     0x0800b85f   Thumb Code   194  stm32f1xx_hal_tim.o(.text)
    HAL_TIM_IC_MspInit                       0x0800b921   Thumb Code     2  stm32f1xx_hal_tim.o(.text)
    HAL_TIM_IC_Init                          0x0800b923   Thumb Code    52  stm32f1xx_hal_tim.o(.text)
    HAL_TIM_IC_MspDeInit                     0x0800b957   Thumb Code     2  stm32f1xx_hal_tim.o(.text)
    HAL_TIM_IC_DeInit                        0x0800b959   Thumb Code    76  stm32f1xx_hal_tim.o(.text)
    HAL_TIM_IC_Start                         0x0800b9a5   Thumb Code    32  stm32f1xx_hal_tim.o(.text)
    HAL_TIM_IC_Stop                          0x0800b9c5   Thumb Code    58  stm32f1xx_hal_tim.o(.text)
    HAL_TIM_IC_Start_IT                      0x0800b9ff   Thumb Code   108  stm32f1xx_hal_tim.o(.text)
    HAL_TIM_IC_Stop_IT                       0x0800ba6b   Thumb Code   134  stm32f1xx_hal_tim.o(.text)
    TIM_DMACaptureCplt                       0x0800baf3   Thumb Code    70  stm32f1xx_hal_tim.o(.text)
    HAL_TIM_IC_Start_DMA                     0x0800bb39   Thumb Code   276  stm32f1xx_hal_tim.o(.text)
    HAL_TIM_IC_Stop_DMA                      0x0800bc4d   Thumb Code   140  stm32f1xx_hal_tim.o(.text)
    HAL_TIM_OnePulse_MspInit                 0x0800bcd9   Thumb Code     2  stm32f1xx_hal_tim.o(.text)
    HAL_TIM_OnePulse_Init                    0x0800bcdb   Thumb Code    76  stm32f1xx_hal_tim.o(.text)
    HAL_TIM_OnePulse_MspDeInit               0x0800bd27   Thumb Code     2  stm32f1xx_hal_tim.o(.text)
    HAL_TIM_OnePulse_DeInit                  0x0800bd29   Thumb Code    70  stm32f1xx_hal_tim.o(.text)
    HAL_TIM_OnePulse_Start                   0x0800bd6f   Thumb Code    58  stm32f1xx_hal_tim.o(.text)
    HAL_TIM_OnePulse_Stop                    0x0800bda9   Thumb Code   122  stm32f1xx_hal_tim.o(.text)
    HAL_TIM_OnePulse_Start_IT                0x0800be23   Thumb Code    82  stm32f1xx_hal_tim.o(.text)
    HAL_TIM_OnePulse_Stop_IT                 0x0800be75   Thumb Code   146  stm32f1xx_hal_tim.o(.text)
    HAL_TIM_Encoder_MspInit                  0x0800bf07   Thumb Code     2  stm32f1xx_hal_tim.o(.text)
    HAL_TIM_Encoder_Init                     0x0800bf09   Thumb Code   180  stm32f1xx_hal_tim.o(.text)
    HAL_TIM_Encoder_MspDeInit                0x0800bfbd   Thumb Code     2  stm32f1xx_hal_tim.o(.text)
    HAL_TIM_Encoder_DeInit                   0x0800bfbf   Thumb Code    70  stm32f1xx_hal_tim.o(.text)
    HAL_TIM_Encoder_Start                    0x0800c005   Thumb Code    78  stm32f1xx_hal_tim.o(.text)
    HAL_TIM_Encoder_Stop                     0x0800c053   Thumb Code   104  stm32f1xx_hal_tim.o(.text)
    HAL_TIM_Encoder_Start_IT                 0x0800c0bb   Thumb Code   126  stm32f1xx_hal_tim.o(.text)
    HAL_TIM_Encoder_Stop_IT                  0x0800c139   Thumb Code   156  stm32f1xx_hal_tim.o(.text)
    HAL_TIM_Encoder_Start_DMA                0x0800c1d5   Thumb Code   328  stm32f1xx_hal_tim.o(.text)
    HAL_TIM_Encoder_Stop_DMA                 0x0800c31d   Thumb Code   152  stm32f1xx_hal_tim.o(.text)
    HAL_TIM_TriggerCallback                  0x0800c3b5   Thumb Code     2  stm32f1xx_hal_tim.o(.text)
    HAL_TIM_OC_DelayElapsedCallback          0x0800c3b7   Thumb Code     2  stm32f1xx_hal_tim.o(.text)
    HAL_TIM_IRQHandler                       0x0800c3b9   Thumb Code   406  stm32f1xx_hal_tim.o(.text)
    TIM_OC2_SetConfig                        0x0800c609   Thumb Code   106  stm32f1xx_hal_tim.o(.text)
    HAL_TIM_OC_ConfigChannel                 0x0800c6d3   Thumb Code   116  stm32f1xx_hal_tim.o(.text)
    TIM_TI1_SetConfig                        0x0800c801   Thumb Code    94  stm32f1xx_hal_tim.o(.text)
    HAL_TIM_IC_ConfigChannel                 0x0800c85f   Thumb Code   224  stm32f1xx_hal_tim.o(.text)
    HAL_TIM_PWM_ConfigChannel                0x0800c93f   Thumb Code   278  stm32f1xx_hal_tim.o(.text)
    HAL_TIM_OnePulse_ConfigChannel           0x0800ca55   Thumb Code   286  stm32f1xx_hal_tim.o(.text)
    HAL_TIM_DMABurst_WriteStart              0x0800cb87   Thumb Code   366  stm32f1xx_hal_tim.o(.text)
    HAL_TIM_DMABurst_WriteStop               0x0800ccf5   Thumb Code   128  stm32f1xx_hal_tim.o(.text)
    HAL_TIM_DMABurst_ReadStart               0x0800cd75   Thumb Code   366  stm32f1xx_hal_tim.o(.text)
    HAL_TIM_SelectOCxM                       0x0800cee3   Thumb Code   138  stm32f1xx_hal_tim.o(.text)
    HAL_TIM_DMABurst_ReadStop                0x0800cf6d   Thumb Code   154  stm32f1xx_hal_tim.o(.text)
    HAL_TIM_GenerateEvent                    0x0800d007   Thumb Code    54  stm32f1xx_hal_tim.o(.text)
    HAL_TIM_ConfigOCrefClear                 0x0800d055   Thumb Code   264  stm32f1xx_hal_tim.o(.text)
    HAL_TIM_ConfigClockSource                0x0800d1c7   Thumb Code   306  stm32f1xx_hal_tim.o(.text)
    HAL_TIM_ConfigTI1Input                   0x0800d2f9   Thumb Code    24  stm32f1xx_hal_tim.o(.text)
    HAL_TIM_SlaveConfigSynchronization       0x0800d3b5   Thumb Code    86  stm32f1xx_hal_tim.o(.text)
    HAL_TIM_SlaveConfigSynchronization_IT    0x0800d40b   Thumb Code    86  stm32f1xx_hal_tim.o(.text)
    HAL_TIM_ReadCapturedValue                0x0800d461   Thumb Code    84  stm32f1xx_hal_tim.o(.text)
    HAL_TIM_Base_GetState                    0x0800d4b5   Thumb Code     8  stm32f1xx_hal_tim.o(.text)
    HAL_TIM_OC_GetState                      0x0800d4bd   Thumb Code     8  stm32f1xx_hal_tim.o(.text)
    HAL_TIM_PWM_GetState                     0x0800d4c5   Thumb Code     8  stm32f1xx_hal_tim.o(.text)
    HAL_TIM_IC_GetState                      0x0800d4cd   Thumb Code     8  stm32f1xx_hal_tim.o(.text)
    HAL_TIM_OnePulse_GetState                0x0800d4d5   Thumb Code     8  stm32f1xx_hal_tim.o(.text)
    HAL_TIM_Encoder_GetState                 0x0800d4dd   Thumb Code     8  stm32f1xx_hal_tim.o(.text)
    TIM_CCxNChannelCmd                       0x0800d4e5   Thumb Code    28  stm32f1xx_hal_tim.o(.text)
    HAL_TIMEx_HallSensor_MspInit             0x0800d501   Thumb Code     2  stm32f1xx_hal_tim_ex.o(.text)
    HAL_TIMEx_HallSensor_Init                0x0800d503   Thumb Code   208  stm32f1xx_hal_tim_ex.o(.text)
    HAL_TIMEx_HallSensor_MspDeInit           0x0800d5d3   Thumb Code     2  stm32f1xx_hal_tim_ex.o(.text)
    HAL_TIMEx_HallSensor_DeInit              0x0800d5d5   Thumb Code    70  stm32f1xx_hal_tim_ex.o(.text)
    HAL_TIMEx_HallSensor_Start               0x0800d61b   Thumb Code    30  stm32f1xx_hal_tim_ex.o(.text)
    HAL_TIMEx_HallSensor_Stop                0x0800d639   Thumb Code    56  stm32f1xx_hal_tim_ex.o(.text)
    HAL_TIMEx_HallSensor_Start_IT            0x0800d671   Thumb Code    42  stm32f1xx_hal_tim_ex.o(.text)
    HAL_TIMEx_HallSensor_Stop_IT             0x0800d69b   Thumb Code    68  stm32f1xx_hal_tim_ex.o(.text)
    HAL_TIMEx_HallSensor_Start_DMA           0x0800d6df   Thumb Code   106  stm32f1xx_hal_tim_ex.o(.text)
    HAL_TIMEx_HallSensor_Stop_DMA            0x0800d749   Thumb Code    68  stm32f1xx_hal_tim_ex.o(.text)
    HAL_TIMEx_OCN_Start                      0x0800d7a9   Thumb Code    44  stm32f1xx_hal_tim_ex.o(.text)
    HAL_TIMEx_OCN_Stop                       0x0800d7d5   Thumb Code    96  stm32f1xx_hal_tim_ex.o(.text)
    HAL_TIMEx_OCN_Start_IT                   0x0800d835   Thumb Code   132  stm32f1xx_hal_tim_ex.o(.text)
    HAL_TIMEx_OCN_Stop_IT                    0x0800d8b9   Thumb Code   198  stm32f1xx_hal_tim_ex.o(.text)
    HAL_TIMEx_OCN_Start_DMA                  0x0800d97f   Thumb Code   272  stm32f1xx_hal_tim_ex.o(.text)
    HAL_TIMEx_OCN_Stop_DMA                   0x0800da8f   Thumb Code   192  stm32f1xx_hal_tim_ex.o(.text)
    HAL_TIMEx_PWMN_Start                     0x0800db4f   Thumb Code    44  stm32f1xx_hal_tim_ex.o(.text)
    HAL_TIMEx_PWMN_Stop                      0x0800db7b   Thumb Code    96  stm32f1xx_hal_tim_ex.o(.text)
    HAL_TIMEx_PWMN_Start_IT                  0x0800dbdb   Thumb Code   132  stm32f1xx_hal_tim_ex.o(.text)
    HAL_TIMEx_PWMN_Stop_IT                   0x0800dc5f   Thumb Code   198  stm32f1xx_hal_tim_ex.o(.text)
    HAL_TIMEx_PWMN_Start_DMA                 0x0800dd25   Thumb Code   272  stm32f1xx_hal_tim_ex.o(.text)
    HAL_TIMEx_PWMN_Stop_DMA                  0x0800de35   Thumb Code   178  stm32f1xx_hal_tim_ex.o(.text)
    HAL_TIMEx_OnePulseN_Start                0x0800dee7   Thumb Code    32  stm32f1xx_hal_tim_ex.o(.text)
    HAL_TIMEx_OnePulseN_Stop                 0x0800df07   Thumb Code    96  stm32f1xx_hal_tim_ex.o(.text)
    HAL_TIMEx_OnePulseN_Start_IT             0x0800df67   Thumb Code    56  stm32f1xx_hal_tim_ex.o(.text)
    HAL_TIMEx_OnePulseN_Stop_IT              0x0800df9f   Thumb Code   120  stm32f1xx_hal_tim_ex.o(.text)
    HAL_TIMEx_ConfigCommutationEvent         0x0800e017   Thumb Code   110  stm32f1xx_hal_tim_ex.o(.text)
    HAL_TIMEx_ConfigCommutationEvent_IT      0x0800e085   Thumb Code   122  stm32f1xx_hal_tim_ex.o(.text)
    HAL_TIMEx_CommutationCallback            0x0800e0ff   Thumb Code     2  stm32f1xx_hal_tim_ex.o(.text)
    TIMEx_DMACommutationCplt                 0x0800e101   Thumb Code    20  stm32f1xx_hal_tim_ex.o(.text)
    HAL_TIMEx_ConfigCommutationEvent_DMA     0x0800e115   Thumb Code   146  stm32f1xx_hal_tim_ex.o(.text)
    HAL_TIMEx_ConfigBreakDeadTime            0x0800e1a7   Thumb Code    80  stm32f1xx_hal_tim_ex.o(.text)
    HAL_TIMEx_MasterConfigSynchronization    0x0800e1f7   Thumb Code    98  stm32f1xx_hal_tim_ex.o(.text)
    HAL_TIMEx_BreakCallback                  0x0800e259   Thumb Code     2  stm32f1xx_hal_tim_ex.o(.text)
    HAL_TIMEx_HallSensor_GetState            0x0800e25b   Thumb Code     8  stm32f1xx_hal_tim_ex.o(.text)
    HAL_UART_MspInit                         0x0800e38b   Thumb Code     2  stm32f1xx_hal_uart.o(.text)
    HAL_UART_Init                            0x0800e38d   Thumb Code   110  stm32f1xx_hal_uart.o(.text)
    HAL_HalfDuplex_Init                      0x0800e3fb   Thumb Code   108  stm32f1xx_hal_uart.o(.text)
    HAL_LIN_Init                             0x0800e467   Thumb Code   124  stm32f1xx_hal_uart.o(.text)
    HAL_MultiProcessor_Init                  0x0800e4e3   Thumb Code   128  stm32f1xx_hal_uart.o(.text)
    HAL_UART_MspDeInit                       0x0800e563   Thumb Code     2  stm32f1xx_hal_uart.o(.text)
    HAL_UART_DeInit                          0x0800e565   Thumb Code    68  stm32f1xx_hal_uart.o(.text)
    HAL_UART_Transmit                        0x0800e6a9   Thumb Code   240  stm32f1xx_hal_uart.o(.text)
    HAL_UART_Receive                         0x0800e799   Thumb Code   248  stm32f1xx_hal_uart.o(.text)
    HAL_UART_Transmit_IT                     0x0800e891   Thumb Code   122  stm32f1xx_hal_uart.o(.text)
    HAL_UART_Receive_IT                      0x0800e90b   Thumb Code   134  stm32f1xx_hal_uart.o(.text)
    HAL_UART_TxHalfCpltCallback              0x0800e9b5   Thumb Code     2  stm32f1xx_hal_uart.o(.text)
    HAL_UART_Transmit_DMA                    0x0800e9fd   Thumb Code   156  stm32f1xx_hal_uart.o(.text)
    HAL_UART_RxHalfCpltCallback              0x0800ea99   Thumb Code     2  stm32f1xx_hal_uart.o(.text)
    HAL_UART_Receive_DMA                     0x0800eae9   Thumb Code   146  stm32f1xx_hal_uart.o(.text)
    HAL_UART_DMAPause                        0x0800eb7b   Thumb Code   118  stm32f1xx_hal_uart.o(.text)
    HAL_UART_DMAResume                       0x0800ebf1   Thumb Code   156  stm32f1xx_hal_uart.o(.text)
    HAL_UART_DMAStop                         0x0800ec8d   Thumb Code    46  stm32f1xx_hal_uart.o(.text)
    HAL_UART_IRQHandler                      0x0800ee23   Thumb Code   294  stm32f1xx_hal_uart.o(.text)
    HAL_LIN_SendBreak                        0x0800ef49   Thumb Code    62  stm32f1xx_hal_uart.o(.text)
    HAL_MultiProcessor_EnterMuteMode         0x0800ef87   Thumb Code    62  stm32f1xx_hal_uart.o(.text)
    HAL_MultiProcessor_ExitMuteMode          0x0800efc5   Thumb Code    62  stm32f1xx_hal_uart.o(.text)
    HAL_HalfDuplex_EnableTransmitter         0x0800f003   Thumb Code    66  stm32f1xx_hal_uart.o(.text)
    HAL_HalfDuplex_EnableReceiver            0x0800f045   Thumb Code    64  stm32f1xx_hal_uart.o(.text)
    HAL_UART_GetState                        0x0800f085   Thumb Code     8  stm32f1xx_hal_uart.o(.text)
    HAL_UART_GetError                        0x0800f08d   Thumb Code     6  stm32f1xx_hal_uart.o(.text)
    USB_CoreInit                             0x0800f095   Thumb Code     8  stm32f1xx_ll_usb.o(.text)
    USB_EnableGlobalInt                      0x0800f09d   Thumb Code    22  stm32f1xx_ll_usb.o(.text)
    USB_DisableGlobalInt                     0x0800f0b3   Thumb Code    22  stm32f1xx_ll_usb.o(.text)
    USB_SetCurrentMode                       0x0800f0c9   Thumb Code     6  stm32f1xx_ll_usb.o(.text)
    USB_DevInit                              0x0800f0cf   Thumb Code    22  stm32f1xx_ll_usb.o(.text)
    USB_FlushTxFifo                          0x0800f0e5   Thumb Code     6  stm32f1xx_ll_usb.o(.text)
    USB_FlushRxFifo                          0x0800f0eb   Thumb Code     6  stm32f1xx_ll_usb.o(.text)
    USB_ActivateEndpoint                     0x0800f0f1   Thumb Code   938  stm32f1xx_ll_usb.o(.text)
    USB_DeactivateEndpoint                   0x0800f49b   Thumb Code   532  stm32f1xx_ll_usb.o(.text)
    USB_WritePMA                             0x0800f6af   Thumb Code    66  stm32f1xx_ll_usb.o(.text)
    USB_EPStartXfer                          0x0800f6f1   Thumb Code   596  stm32f1xx_ll_usb.o(.text)
    USB_WritePacket                          0x0800f945   Thumb Code     8  stm32f1xx_ll_usb.o(.text)
    USB_ReadPacket                           0x0800f94d   Thumb Code     6  stm32f1xx_ll_usb.o(.text)
    USB_EPSetStall                           0x0800f953   Thumb Code   134  stm32f1xx_ll_usb.o(.text)
    USB_EPClearStall                         0x0800f9d9   Thumb Code   180  stm32f1xx_ll_usb.o(.text)
    USB_StopDevice                           0x0800fa8d   Thumb Code    22  stm32f1xx_ll_usb.o(.text)
    USB_SetDevAddress                        0x0800faa3   Thumb Code    14  stm32f1xx_ll_usb.o(.text)
    USB_DevConnect                           0x0800fab1   Thumb Code     6  stm32f1xx_ll_usb.o(.text)
    USB_DevDisconnect                        0x0800fab7   Thumb Code     6  stm32f1xx_ll_usb.o(.text)
    USB_ReadInterrupts                       0x0800fabd   Thumb Code    10  stm32f1xx_ll_usb.o(.text)
    USB_ReadDevAllOutEpInterrupt             0x0800fac7   Thumb Code     6  stm32f1xx_ll_usb.o(.text)
    USB_ReadDevAllInEpInterrupt              0x0800facd   Thumb Code     6  stm32f1xx_ll_usb.o(.text)
    USB_ReadDevOutEPInterrupt                0x0800fad3   Thumb Code     6  stm32f1xx_ll_usb.o(.text)
    USB_ReadDevInEPInterrupt                 0x0800fad9   Thumb Code     6  stm32f1xx_ll_usb.o(.text)
    USB_ClearInterrupts                      0x0800fadf   Thumb Code     2  stm32f1xx_ll_usb.o(.text)
    USB_EP0_OutStart                         0x0800fae1   Thumb Code     6  stm32f1xx_ll_usb.o(.text)
    USB_ActivateRemoteWakeup                 0x0800fae7   Thumb Code    18  stm32f1xx_ll_usb.o(.text)
    USB_DeActivateRemoteWakeup               0x0800faf9   Thumb Code    18  stm32f1xx_ll_usb.o(.text)
    USB_WriteDMA                             0x0800fb0b   Thumb Code    44  stm32f1xx_ll_usb.o(.text)
    USB_ReadPMA                              0x0800fb37   Thumb Code    40  stm32f1xx_ll_usb.o(.text)
    SystemInit                               0x0800fb69   Thumb Code    70  system_stm32f1xx.o(.text)
    SystemCoreClockUpdate                    0x0800fbaf   Thumb Code   142  system_stm32f1xx.o(.text)
    Reset_Handler                            0x0800fc5d   Thumb Code     8  startup_stm32f103xb.o(.text)
    ADC1_2_IRQHandler                        0x0800fc77   Thumb Code     0  startup_stm32f103xb.o(.text)
    CAN1_RX1_IRQHandler                      0x0800fc77   Thumb Code     0  startup_stm32f103xb.o(.text)
    CAN1_SCE_IRQHandler                      0x0800fc77   Thumb Code     0  startup_stm32f103xb.o(.text)
    DMA1_Channel1_IRQHandler                 0x0800fc77   Thumb Code     0  startup_stm32f103xb.o(.text)
    DMA1_Channel2_IRQHandler                 0x0800fc77   Thumb Code     0  startup_stm32f103xb.o(.text)
    DMA1_Channel3_IRQHandler                 0x0800fc77   Thumb Code     0  startup_stm32f103xb.o(.text)
    DMA1_Channel4_IRQHandler                 0x0800fc77   Thumb Code     0  startup_stm32f103xb.o(.text)
    DMA1_Channel5_IRQHandler                 0x0800fc77   Thumb Code     0  startup_stm32f103xb.o(.text)
    DMA1_Channel6_IRQHandler                 0x0800fc77   Thumb Code     0  startup_stm32f103xb.o(.text)
    DMA1_Channel7_IRQHandler                 0x0800fc77   Thumb Code     0  startup_stm32f103xb.o(.text)
    EXTI0_IRQHandler                         0x0800fc77   Thumb Code     0  startup_stm32f103xb.o(.text)
    EXTI1_IRQHandler                         0x0800fc77   Thumb Code     0  startup_stm32f103xb.o(.text)
    EXTI3_IRQHandler                         0x0800fc77   Thumb Code     0  startup_stm32f103xb.o(.text)
    EXTI4_IRQHandler                         0x0800fc77   Thumb Code     0  startup_stm32f103xb.o(.text)
    FLASH_IRQHandler                         0x0800fc77   Thumb Code     0  startup_stm32f103xb.o(.text)
    I2C1_ER_IRQHandler                       0x0800fc77   Thumb Code     0  startup_stm32f103xb.o(.text)
    I2C1_EV_IRQHandler                       0x0800fc77   Thumb Code     0  startup_stm32f103xb.o(.text)
    I2C2_ER_IRQHandler                       0x0800fc77   Thumb Code     0  startup_stm32f103xb.o(.text)
    I2C2_EV_IRQHandler                       0x0800fc77   Thumb Code     0  startup_stm32f103xb.o(.text)
    PVD_IRQHandler                           0x0800fc77   Thumb Code     0  startup_stm32f103xb.o(.text)
    RCC_IRQHandler                           0x0800fc77   Thumb Code     0  startup_stm32f103xb.o(.text)
    RTC_Alarm_IRQHandler                     0x0800fc77   Thumb Code     0  startup_stm32f103xb.o(.text)
    RTC_IRQHandler                           0x0800fc77   Thumb Code     0  startup_stm32f103xb.o(.text)
    SPI1_IRQHandler                          0x0800fc77   Thumb Code     0  startup_stm32f103xb.o(.text)
    SPI2_IRQHandler                          0x0800fc77   Thumb Code     0  startup_stm32f103xb.o(.text)
    TAMPER_IRQHandler                        0x0800fc77   Thumb Code     0  startup_stm32f103xb.o(.text)
    TIM1_BRK_IRQHandler                      0x0800fc77   Thumb Code     0  startup_stm32f103xb.o(.text)
    TIM1_CC_IRQHandler                       0x0800fc77   Thumb Code     0  startup_stm32f103xb.o(.text)
    TIM1_TRG_COM_IRQHandler                  0x0800fc77   Thumb Code     0  startup_stm32f103xb.o(.text)
    TIM1_UP_IRQHandler                       0x0800fc77   Thumb Code     0  startup_stm32f103xb.o(.text)
    TIM3_IRQHandler                          0x0800fc77   Thumb Code     0  startup_stm32f103xb.o(.text)
    TIM4_IRQHandler                          0x0800fc77   Thumb Code     0  startup_stm32f103xb.o(.text)
    USART1_IRQHandler                        0x0800fc77   Thumb Code     0  startup_stm32f103xb.o(.text)
    USART3_IRQHandler                        0x0800fc77   Thumb Code     0  startup_stm32f103xb.o(.text)
    USB_HP_CAN1_TX_IRQHandler                0x0800fc77   Thumb Code     0  startup_stm32f103xb.o(.text)
    WWDG_IRQHandler                          0x0800fc77   Thumb Code     0  startup_stm32f103xb.o(.text)
    USBD_Init                                0x0800fc81   Thumb Code    50  usbd_core.o(.text)
    USBD_DeInit                              0x0800fcb3   Thumb Code    38  usbd_core.o(.text)
    USBD_RegisterClass                       0x0800fcd9   Thumb Code    16  usbd_core.o(.text)
    USBD_Start                               0x0800fce9   Thumb Code    14  usbd_core.o(.text)
    USBD_Stop                                0x0800fcf7   Thumb Code    26  usbd_core.o(.text)
    USBD_RunTestMode                         0x0800fd11   Thumb Code     6  usbd_core.o(.text)
    USBD_SetClassConfig                      0x0800fd17   Thumb Code    34  usbd_core.o(.text)
    USBD_ClrClassConfig                      0x0800fd39   Thumb Code    22  usbd_core.o(.text)
    USBD_LL_SetupStage                       0x0800fd4f   Thumb Code   110  usbd_core.o(.text)
    USBD_LL_DataOutStage                     0x0800fdbd   Thumb Code   134  usbd_core.o(.text)
    USBD_LL_DataInStage                      0x0800fe43   Thumb Code   194  usbd_core.o(.text)
    USBD_LL_Reset                            0x0800ff05   Thumb Code    68  usbd_core.o(.text)
    USBD_LL_SetSpeed                         0x0800ff49   Thumb Code     8  usbd_core.o(.text)
    USBD_LL_Suspend                          0x0800ff51   Thumb Code    20  usbd_core.o(.text)
    USBD_LL_Resume                           0x0800ff65   Thumb Code    14  usbd_core.o(.text)
    USBD_LL_SOF                              0x0800ff73   Thumb Code    34  usbd_core.o(.text)
    USBD_LL_IsoINIncomplete                  0x0800ff95   Thumb Code     6  usbd_core.o(.text)
    USBD_LL_IsoOUTIncomplete                 0x0800ff9b   Thumb Code     6  usbd_core.o(.text)
    USBD_LL_DevConnected                     0x0800ffa1   Thumb Code     6  usbd_core.o(.text)
    USBD_LL_DevDisconnected                  0x0800ffa7   Thumb Code    26  usbd_core.o(.text)
    USBD_CtlError                            0x0800ffc1   Thumb Code    24  usbd_ctlreq.o(.text)
    USBD_StdDevReq                           0x0801034b   Thumb Code   114  usbd_ctlreq.o(.text)
    USBD_StdItfReq                           0x080103bd   Thumb Code    74  usbd_ctlreq.o(.text)
    USBD_StdEPReq                            0x08010407   Thumb Code   322  usbd_ctlreq.o(.text)
    USBD_ParseSetupRequest                   0x08010549   Thumb Code    40  usbd_ctlreq.o(.text)
    USBD_GetString                           0x08010585   Thumb Code    82  usbd_ctlreq.o(.text)
    USBD_CtlSendData                         0x080105d7   Thumb Code    34  usbd_ioreq.o(.text)
    USBD_CtlContinueSendData                 0x080105f9   Thumb Code    24  usbd_ioreq.o(.text)
    USBD_CtlPrepareRx                        0x08010611   Thumb Code    40  usbd_ioreq.o(.text)
    USBD_CtlContinueRx                       0x08010639   Thumb Code    24  usbd_ioreq.o(.text)
    USBD_CtlSendStatus                       0x08010651   Thumb Code    26  usbd_ioreq.o(.text)
    USBD_CtlReceiveStatus                    0x0801066b   Thumb Code    26  usbd_ioreq.o(.text)
    USBD_GetRxCount                          0x08010685   Thumb Code    18  usbd_ioreq.o(.text)
    HAL_PCD_MspInit                          0x08010699   Thumb Code   152  usbd_conf.o(.text)
    HAL_PCD_MspDeInit                        0x08010731   Thumb Code    14  usbd_conf.o(.text)
    HAL_PCD_SetupStageCallback               0x0801073f   Thumb Code    18  usbd_conf.o(.text)
    HAL_PCD_DataOutStageCallback             0x08010751   Thumb Code    28  usbd_conf.o(.text)
    HAL_PCD_DataInStageCallback              0x0801076d   Thumb Code    28  usbd_conf.o(.text)
    HAL_PCD_SOFCallback                      0x08010789   Thumb Code    14  usbd_conf.o(.text)
    HAL_PCD_ResetCallback                    0x08010797   Thumb Code    24  usbd_conf.o(.text)
    HAL_PCD_SuspendCallback                  0x080107af   Thumb Code    14  usbd_conf.o(.text)
    HAL_PCD_ResumeCallback                   0x080107bd   Thumb Code    14  usbd_conf.o(.text)
    HAL_PCD_ISOOUTIncompleteCallback         0x080107cb   Thumb Code    18  usbd_conf.o(.text)
    HAL_PCD_ISOINIncompleteCallback          0x080107dd   Thumb Code    18  usbd_conf.o(.text)
    HAL_PCD_ConnectCallback                  0x080107ef   Thumb Code    14  usbd_conf.o(.text)
    HAL_PCD_DisconnectCallback               0x080107fd   Thumb Code    14  usbd_conf.o(.text)
    USBD_LL_Init                             0x0801080b   Thumb Code   118  usbd_conf.o(.text)
    USBD_LL_DeInit                           0x08010881   Thumb Code    16  usbd_conf.o(.text)
    USBD_LL_Start                            0x08010891   Thumb Code    16  usbd_conf.o(.text)
    USBD_LL_Stop                             0x080108a1   Thumb Code    16  usbd_conf.o(.text)
    USBD_LL_OpenEP                           0x080108b1   Thumb Code    32  usbd_conf.o(.text)
    USBD_LL_CloseEP                          0x080108d1   Thumb Code    20  usbd_conf.o(.text)
    USBD_LL_FlushEP                          0x080108e5   Thumb Code    20  usbd_conf.o(.text)
    USBD_LL_StallEP                          0x080108f9   Thumb Code    20  usbd_conf.o(.text)
    USBD_LL_ClearStallEP                     0x0801090d   Thumb Code    20  usbd_conf.o(.text)
    USBD_LL_IsStallEP                        0x08010921   Thumb Code    48  usbd_conf.o(.text)
    USBD_LL_SetUSBAddress                    0x08010951   Thumb Code    20  usbd_conf.o(.text)
    USBD_LL_Transmit                         0x08010965   Thumb Code    32  usbd_conf.o(.text)
    USBD_LL_PrepareReceive                   0x08010985   Thumb Code    32  usbd_conf.o(.text)
    USBD_LL_GetRxDataSize                    0x080109a5   Thumb Code    18  usbd_conf.o(.text)
    USBD_LL_Delay                            0x080109b7   Thumb Code    12  usbd_conf.o(.text)
    USBD_static_malloc                       0x080109c3   Thumb Code     6  usbd_conf.o(.text)
    USBD_static_free                         0x080109c9   Thumb Code     2  usbd_conf.o(.text)
    HAL_PCDEx_SetConnectionState             0x080109cb   Thumb Code    34  usbd_conf.o(.text)
    USBD_SPENCIFIC_DeviceQualifierDescriptor 0x08010add   Thumb Code    10  usbd_specific.o(.text)
    USBD_PreparaSendData                     0x08010b55   Thumb Code    56  usbd_specific.o(.text)
    USBD_SPENCIFIC_DeviceDescriptor          0x08010ba5   Thumb Code    10  usbd_spencific_desc.o(.text)
    USBD_SPENCIFIC_LangIDStrDescriptor       0x08010baf   Thumb Code    10  usbd_spencific_desc.o(.text)
    USBD_SPENCIFIC_ProductStrDescriptor      0x08010bb9   Thumb Code    34  usbd_spencific_desc.o(.text)
    USBD_SPENCIFIC_ManufacturerStrDescriptor 0x08010bdb   Thumb Code    20  usbd_spencific_desc.o(.text)
    USBD_SPENCIFIC_SerialStrDescriptor       0x08010c57   Thumb Code    20  usbd_spencific_desc.o(.text)
    USBD_SPENCIFIC_ConfigStrDescriptor       0x08010c6b   Thumb Code    34  usbd_spencific_desc.o(.text)
    USBD_SPENCIFIC_InterfaceStrDescriptor    0x08010c8d   Thumb Code    34  usbd_spencific_desc.o(.text)
    USBD_CDC_GetDeviceQualifierDescriptor    0x08010ebb   Thumb Code    10  usbd_cdc.o(.text)
    USBD_CDC_RegisterInterface               0x08010ec5   Thumb Code    14  usbd_cdc.o(.text)
    USBD_CDC_SetTxBuffer                     0x08010ed3   Thumb Code    16  usbd_cdc.o(.text)
    USBD_CDC_SetRxBuffer                     0x08010ee3   Thumb Code    12  usbd_cdc.o(.text)
    USBD_CDC_TransmitPacket                  0x08010eef   Thumb Code    74  usbd_cdc.o(.text)
    USBD_CDC_ReceivePacket                   0x08010f39   Thumb Code    54  usbd_cdc.o(.text)
    vituarlComTransmit                       0x08010f8f   Thumb Code    24  usbd_cdc_interface.o(.text)
    HAL_TIM_PeriodElapsedCallback            0x08010fa7   Thumb Code    98  usbd_cdc_interface.o(.text)
    HAL_UART_RxCpltCallback                  0x08011009   Thumb Code     2  usbd_cdc_interface.o(.text)
    CDC_GetNewPack                           0x08011011   Thumb Code    16  usbd_cdc_interface.o(.text)
    HAL_UART_TxCpltCallback                  0x08011021   Thumb Code     2  usbd_cdc_interface.o(.text)
    HAL_UART_ErrorCallback                   0x08011029   Thumb Code    10  usbd_cdc_interface.o(.text)
    __aeabi_llsr                             0x08011049   Thumb Code    32  llushr.o(.text)
    _ll_ushift_r                             0x08011049   Thumb Code     0  llushr.o(.text)
    __aeabi_memcpy                           0x08011069   Thumb Code    36  memcpya.o(.text)
    __aeabi_memcpy4                          0x08011069   Thumb Code     0  memcpya.o(.text)
    __aeabi_memcpy8                          0x08011069   Thumb Code     0  memcpya.o(.text)
    __aeabi_memset                           0x0801108d   Thumb Code    14  memseta.o(.text)
    __aeabi_memset4                          0x0801108d   Thumb Code     0  memseta.o(.text)
    __aeabi_memset8                          0x0801108d   Thumb Code     0  memseta.o(.text)
    __aeabi_memclr                           0x0801109b   Thumb Code     4  memseta.o(.text)
    __aeabi_memclr4                          0x0801109b   Thumb Code     0  memseta.o(.text)
    __aeabi_memclr8                          0x0801109b   Thumb Code     0  memseta.o(.text)
    _memset$wrapper                          0x0801109f   Thumb Code    18  memseta.o(.text)
    strlen                                   0x080110b1   Thumb Code    14  strlen.o(.text)
    memchr                                   0x080110bf   Thumb Code    20  memchr.o(.text)
    atoi                                     0x080110d3   Thumb Code    26  atoi.o(.text)
    __aeabi_fadd                             0x080110ed   Thumb Code   164  fadd.o(.text)
    __aeabi_fsub                             0x08011191   Thumb Code     6  fadd.o(.text)
    __aeabi_frsub                            0x08011197   Thumb Code     6  fadd.o(.text)
    __aeabi_fmul                             0x0801119d   Thumb Code   100  fmul.o(.text)
    __aeabi_fdiv                             0x08011201   Thumb Code   124  fdiv.o(.text)
    __aeabi_dadd                             0x0801127d   Thumb Code   322  dadd.o(.text)
    __aeabi_dsub                             0x080113bf   Thumb Code     6  dadd.o(.text)
    __aeabi_drsub                            0x080113c5   Thumb Code     6  dadd.o(.text)
    __aeabi_dmul                             0x080113cb   Thumb Code   228  dmul.o(.text)
    __aeabi_ddiv                             0x080114af   Thumb Code   222  ddiv.o(.text)
    __aeabi_i2f                              0x0801158d   Thumb Code    18  fflti.o(.text)
    __aeabi_ui2f                             0x0801159f   Thumb Code    10  ffltui.o(.text)
    __aeabi_i2d                              0x080115a9   Thumb Code    34  dflti.o(.text)
    __aeabi_ui2d                             0x080115cb   Thumb Code    26  dfltui.o(.text)
    __aeabi_l2d                              0x080115e5   Thumb Code    40  dfltl.o(.text)
    __aeabi_f2iz                             0x0801160d   Thumb Code    50  ffixi.o(.text)
    __aeabi_f2uiz                            0x0801163f   Thumb Code    40  ffixui.o(.text)
    __aeabi_d2iz                             0x08011667   Thumb Code    62  dfixi.o(.text)
    __aeabi_d2uiz                            0x080116a5   Thumb Code    50  dfixui.o(.text)
    __aeabi_d2lz                             0x080116d7   Thumb Code    74  dfixl.o(.text)
    __aeabi_f2d                              0x08011721   Thumb Code    38  f2d.o(.text)
    __aeabi_cdcmpeq                          0x08011749   Thumb Code     0  cdcmple.o(.text)
    __aeabi_cdcmple                          0x08011749   Thumb Code    48  cdcmple.o(.text)
    __aeabi_cdrcmple                         0x08011779   Thumb Code    48  cdrcmple.o(.text)
    __aeabi_d2f                              0x080117a9   Thumb Code    56  d2f.o(.text)
    __aeabi_cfcmpeq                          0x080117e1   Thumb Code     0  cfcmple.o(.text)
    __aeabi_cfcmple                          0x080117e1   Thumb Code    20  cfcmple.o(.text)
    __aeabi_cfrcmple                         0x080117f5   Thumb Code    20  cfrcmple.o(.text)
    __aeabi_uidiv                            0x08011809   Thumb Code     0  uidiv.o(.text)
    __aeabi_uidivmod                         0x08011809   Thumb Code    44  uidiv.o(.text)
    __aeabi_llsl                             0x08011835   Thumb Code    30  llshl.o(.text)
    _ll_shift_l                              0x08011835   Thumb Code     0  llshl.o(.text)
    __aeabi_lasr                             0x08011853   Thumb Code    36  llsshr.o(.text)
    _ll_sshift_r                             0x08011853   Thumb Code     0  llsshr.o(.text)
    __strtod_int                             0x080118af   Thumb Code    90  strtod.o(.text)
    strtol                                   0x08011915   Thumb Code   112  strtol.o(.text)
    __I$use$fp                               0x08011985   Thumb Code     0  iusefp.o(.text)
    _float_round                             0x08011985   Thumb Code    18  fepilogue.o(.text)
    _float_epilogue                          0x08011997   Thumb Code    92  fepilogue.o(.text)
    _double_round                            0x080119f3   Thumb Code    30  depilogue.o(.text)
    _double_epilogue                         0x08011a11   Thumb Code   156  depilogue.o(.text)
    __ARM_scalbn                             0x08011aad   Thumb Code    46  dscalb.o(.text)
    scalbn                                   0x08011aad   Thumb Code     0  dscalb.o(.text)
    _dsqrt                                   0x08011adb   Thumb Code   162  dsqrt.o(.text)
    __scatterload                            0x08011b7d   Thumb Code    28  init.o(.text)
    __scatterload_rt2                        0x08011b7d   Thumb Code     0  init.o(.text)
    __rt_ctype_table                         0x08011ba1   Thumb Code     4  ctype_o.o(.text)
    isspace                                  0x08011ba9   Thumb Code    18  isspace_o.o(.text)
    _scanf_real                              0x08011cbd   Thumb Code     0  scanf_fp.o(.text)
    _scanf_really_real                       0x08011cbd   Thumb Code   556  scanf_fp.o(.text)
    _sgetc                                   0x08011ef5   Thumb Code    30  _sgetc.o(.text)
    _sbackspace                              0x08011f13   Thumb Code    34  _sgetc.o(.text)
    _strtoul                                 0x08011f35   Thumb Code   158  _strtoul.o(.text)
    _chval                                   0x08011fd3   Thumb Code    28  _chval.o(.text)
    __aeabi_ul2d                             0x08011fef   Thumb Code    24  dfltul.o(.text)
    __decompress                             0x08012007   Thumb Code     0  __dczerorl2.o(.text)
    __decompress1                            0x08012007   Thumb Code    86  __dczerorl2.o(.text)
    __0sprintf$1                             0x0801205d   Thumb Code    34  printf1.o(i.__0sprintf$1)
    __1sprintf$1                             0x0801205d   Thumb Code     0  printf1.o(i.__0sprintf$1)
    __2sprintf                               0x0801205d   Thumb Code     0  printf1.o(i.__0sprintf$1)
    __ARM_fpclassify                         0x08012085   Thumb Code    40  fpclassify.o(i.__ARM_fpclassify)
    __aeabi_errno_addr                       0x080120ad   Thumb Code     4  errno.o(i.__aeabi_errno_addr)
    __rt_errno_addr                          0x080120ad   Thumb Code     0  errno.o(i.__aeabi_errno_addr)
    __ieee754_rem_pio2                       0x080120b5   Thumb Code   828  rred.o(i.__ieee754_rem_pio2)
    __kernel_cos                             0x0801243d   Thumb Code   230  cos_i.o(i.__kernel_cos)
    __kernel_poly                            0x08012539   Thumb Code   170  poly.o(i.__kernel_poly)
    __kernel_sin                             0x080125e5   Thumb Code   224  sin_i.o(i.__kernel_sin)
    __mathlib_dbl_divzero                    0x080126d1   Thumb Code    12  dunder.o(i.__mathlib_dbl_divzero)
    __mathlib_dbl_infnan                     0x080126e1   Thumb Code     6  dunder.o(i.__mathlib_dbl_infnan)
    __mathlib_dbl_infnan2                    0x080126e7   Thumb Code     4  dunder.o(i.__mathlib_dbl_infnan2)
    __mathlib_dbl_invalid                    0x080126eb   Thumb Code    12  dunder.o(i.__mathlib_dbl_invalid)
    __mathlib_dbl_overflow                   0x080126f7   Thumb Code    14  dunder.o(i.__mathlib_dbl_overflow)
    __mathlib_dbl_underflow                  0x08012705   Thumb Code    10  dunder.o(i.__mathlib_dbl_underflow)
    __scatterload_copy                       0x08012715   Thumb Code    14  handlers.o(i.__scatterload_copy)
    __scatterload_null                       0x08012723   Thumb Code     2  handlers.o(i.__scatterload_null)
    __scatterload_zeroinit                   0x08012725   Thumb Code    14  handlers.o(i.__scatterload_zeroinit)
    __set_errno                              0x08012735   Thumb Code     6  errno.o(i.__set_errno)
    _is_digit                                0x08012741   Thumb Code    14  scanf_fp.o(i._is_digit)
    acos                                     0x080128b1   Thumb Code   574  acos.o(i.acos)
    cos                                      0x08012b2d   Thumb Code   148  cos.o(i.cos)
    malloc                                   0x08012bc9   Thumb Code    92  malloc.o(i.malloc)
    pow                                      0x08012c35   Thumb Code  2512  pow.o(i.pow)
    sqrt                                     0x0801360d   Thumb Code    76  sqrt.o(i.sqrt)
    strtod                                   0x08013659   Thumb Code    28  strtod.o(i.strtod)
    aAPBAHBPrescTable                        0x08013674   Data          16  stm32f1xx_hal_rcc.o(.constdata)
    __mathlib_zero                           0x08013790   Data           8  qnan.o(.constdata)
    __ctype_table                            0x08013888   Data         129  ctype_o.o(.constdata)
    Region$$Table$$Base                      0x08013910   Number         0  anon$$obj.o(Region$$Table)
    Region$$Table$$Limit                     0x08013930   Number         0  anon$$obj.o(Region$$Table)
    aCurrentMotor                            0x20000000   Data           2  board.o(.data)
    aHaveNewCommand                          0x20000002   Data           1  board.o(.data)
    adcTerm                                  0x20000004   Data           4  board.o(.data)
    cur_ref                                  0x20000038   Data           4  closeloopcontrol.o(.data)
    vel_ref                                  0x2000003c   Data           4  closeloopcontrol.o(.data)
    aCurrentErr                              0x20000040   Data           4  closeloopcontrol.o(.data)
    denta                                    0x20000048   Data           8  closeloopcontrol.o(.data)
    aPositionErr                             0x20000050   Data           4  closeloopcontrol.o(.data)
    aPositionOldErr                          0x20000054   Data           4  closeloopcontrol.o(.data)
    aPositionOlderErr                        0x20000058   Data           4  closeloopcontrol.o(.data)
    aVelocityErr                             0x2000005c   Data           4  closeloopcontrol.o(.data)
    aVelocityOldErr                          0x20000060   Data           4  closeloopcontrol.o(.data)
    aMotorDir                                0x20000064   Data           1  closeloopcontrol.o(.data)
    uP                                       0x20000068   Data           4  closeloopcontrol.o(.data)
    uI                                       0x2000006c   Data           4  closeloopcontrol.o(.data)
    uD                                       0x20000070   Data           4  closeloopcontrol.o(.data)
    PID                                      0x20000074   Data           2  closeloopcontrol.o(.data)
    aLoopEnable                              0x20000076   Data           1  closeloopcontrol.o(.data)
    currentErr                               0x20000078   Data           4  closeloopcontrol.o(.data)
    currentSet                               0x2000007c   Data           4  closeloopcontrol.o(.data)
    EncoderCounterValue                      0x200002c8   Data           8  encoderincremental.o(.data)
    aExternCounterValue                      0x200002d8   Data           8  externalcounter.o(.data)
    uwIC2Value                               0x200002e0   Data           4  externalcounter.o(.data)
    uwDutyCycle                              0x200002e4   Data           4  externalcounter.o(.data)
    uwFrequency                              0x200002e8   Data           4  externalcounter.o(.data)
    aOldStateDir                             0x200002ec   Data           1  externalcounter.o(.data)
    asStateMechine                           0x200002fc   Data           4  main.o(.data)
    cError                                   0x20000300   Data           4  main.o(.data)
    cSuccess                                 0x20000304   Data           4  main.o(.data)
    aTimeSendData                            0x20000308   Data           4  main.o(.data)
    aTimeIndicateErr                         0x2000030c   Data           4  main.o(.data)
    aTimeLedProcess                          0x20000310   Data           4  main.o(.data)
    aTimeUpdateInfor                         0x20000314   Data           4  main.o(.data)
    ret                                      0x20000318   Data           1  main.o(.data)
    usbVirtualComFlag                        0x20000319   Data           1  main.o(.data)
    flag                                     0x2000031c   Data           4  main.o(.data)
    Rs485StateRx                             0x20000320   Data           1  rs485.o(.data)
    aRxCount                                 0x20000322   Data           2  rs485.o(.data)
    aAckNack                                 0x20000324   Data           1  rs485.o(.data)
    aRs485SoureAdd                           0x20000325   Data           1  rs485.o(.data)
    aCountPlayload                           0x20000328   Data           4  rs485.o(.data)
    timeUpdateToHost                         0x20000330   Data           4  string_user.o(.data)
    SystemCoreClock                          0x20000340   Data           4  system_stm32f1xx.o(.data)
    AHBPrescTable                            0x20000344   Data          16  system_stm32f1xx.o(.data)
    USBD_SPENCIFIC_ClassDriver               0x20000358   Data          56  usbd_specific.o(.data)
    SPENCIFIC_Desc                           0x200003c4   Data          28  usbd_spencific_desc.o(.data)
    USBD_DeviceDesc                          0x200003e0   Data          18  usbd_spencific_desc.o(.data)
    USBD_LangIDDesc                          0x200003f4   Data           4  usbd_spencific_desc.o(.data)
    USBD_StringSerial                        0x200003f8   Data          26  usbd_spencific_desc.o(.data)
    usbVituarCom_ReceiverFlag                0x20000414   Data           1  usbd_cdc.o(.data)
    USBD_CDC                                 0x20000424   Data          56  usbd_cdc.o(.data)
    USBD_CDC_CfgFSDesc                       0x2000045c   Data          67  usbd_cdc.o(.data)
    LineCoding                               0x200004a0   Data           8  usbd_cdc_interface.o(.data)
    BuffLength                               0x200004a8   Data           4  usbd_cdc_interface.o(.data)
    UserTxBufPtrIn                           0x200004ac   Data           4  usbd_cdc_interface.o(.data)
    UserTxBufPtrOut                          0x200004b0   Data           4  usbd_cdc_interface.o(.data)
    USBD_CDC_fops                            0x200004b4   Data          16  usbd_cdc_interface.o(.data)
    __microlib_freelist                      0x200004c4   Data           4  mvars.o(.data)
    __microlib_freelist_initialised          0x200004c8   Data           4  mvars.o(.data)
    TimHandle                                0x200004d0   Data          60  board.o(.bss)
    htimLoop                                 0x2000050c   Data          60  board.o(.bss)
    sConfig                                  0x20000548   Data          28  board.o(.bss)
    aaADC_Buffer                             0x20000564   Data          40  board.o(.bss)
    AdcHandle                                0x2000058c   Data          48  board.o(.bss)
    TimHandleEXT                             0x200006b4   Data          60  externalcounter.o(.bss)
    saFlashOB                                0x200006f0   Data          28  main.o(.bss)
    hUSBDDevice                              0x2000070c   Data         548  main.o(.bss)
    asPayloadTx                              0x20000930   Data          64  main.o(.bss)
    asPayloadRx                              0x20000970   Data          64  main.o(.bss)
    asDataHwInfor                            0x200009b0   Data          16  main.o(.bss)
    asRuningInforCurrent                     0x200009c0   Data          41  main.o(.bss)
    asRuningInforSet                         0x200009e9   Data          41  main.o(.bss)
    asRuningInforOlder                       0x20000a12   Data          41  main.o(.bss)
    asMotorInfor                             0x20000a3b   Data          28  main.o(.bss)
    asMotorCurrInfor                         0x20000a57   Data          56  main.o(.bss)
    aaUsbBufferOut                           0x20000a8f   Data          64  main.o(.bss)
    vituarlComBuffer                         0x20000acf   Data          50  main.o(.bss)
    buffer                                   0x20000b01   Data          60  main.o(.bss)
    UartHandleRs485                          0x20000b40   Data          64  rs485.o(.bss)
    TimHandleRs485                           0x20000b80   Data          60  rs485.o(.bss)
    aaRs485Buffer                            0x20000bbc   Data         122  rs485.o(.bss)
    asRS485Rx                                0x20000c36   Data          10  rs485.o(.bss)
    asUserData                               0x20000c40   Data          12  rs485.o(.bss)
    pFlash                                   0x20000cd0   Data          32  stm32f1xx_hal_flash.o(.bss)
    hpcd                                     0x20000d28   Data        1056  usbd_conf.o(.bss)
    USBD_StrDesc                             0x20001378   Data         256  usbd_spencific_desc.o(.bss)
    UserRxBuffer                             0x20001478   Data        2048  usbd_cdc_interface.o(.bss)
    UserTxBuffer                             0x20001c78   Data        2048  usbd_cdc_interface.o(.bss)
    UartHandle                               0x20002478   Data          64  usbd_cdc_interface.o(.bss)
    TimHandleX                               0x200024b8   Data          60  usbd_cdc_interface.o(.bss)
    __heap_base                              0x200024f8   Data           0  startup_stm32f103xb.o(HEAP)
    __heap_limit                             0x200026f8   Data           0  startup_stm32f103xb.o(HEAP)
    __initial_sp                             0x20002af8   Data           0  startup_stm32f103xb.o(STACK)



==============================================================================

Memory Map of the image

  Image Entry point : 0x080000ed

  Load Region LR_IROM1 (Base: 0x08000000, Size: 0x00013e00, Max: 0x00020000, ABSOLUTE, COMPRESSED[0x00013b1c])

    Execution Region ER_IROM1 (Base: 0x08000000, Size: 0x00013930, Max: 0x00020000, ABSOLUTE)

    Base Addr    Size         Type   Attr      Idx    E Section Name        Object

    0x08000000   0x000000ec   Data   RO         1593    RESET               startup_stm32f103xb.o
    0x080000ec   0x00000000   Code   RO         1929  * .ARM.Collect$$$$00000000  mc_w.l(entry.o)
    0x080000ec   0x00000004   Code   RO         2312    .ARM.Collect$$$$00000001  mc_w.l(entry2.o)
    0x080000f0   0x00000004   Code   RO         2315    .ARM.Collect$$$$00000004  mc_w.l(entry5.o)
    0x080000f4   0x00000000   Code   RO         2317    .ARM.Collect$$$$00000008  mc_w.l(entry7b.o)
    0x080000f4   0x00000000   Code   RO         2319    .ARM.Collect$$$$0000000A  mc_w.l(entry8b.o)
    0x080000f4   0x00000008   Code   RO         2320    .ARM.Collect$$$$0000000B  mc_w.l(entry9a.o)
    0x080000fc   0x00000000   Code   RO         2322    .ARM.Collect$$$$0000000D  mc_w.l(entry10a.o)
    0x080000fc   0x00000000   Code   RO         2324    .ARM.Collect$$$$0000000F  mc_w.l(entry11a.o)
    0x080000fc   0x00000004   Code   RO         2313    .ARM.Collect$$$$00002712  mc_w.l(entry2.o)
    0x08000100   0x00000bd4   Code   RO            4    .text               board.o
    0x08000cd4   0x000039d8   Code   RO          140    .text               closeloopcontrol.o
    0x080046ac   0x000006e4   Code   RO          225    .text               command.o
    0x08004d90   0x0000002c   Code   RO          279    .text               crc.o
    0x08004dbc   0x00000110   Code   RO          308    .text               encoderincremental.o
    0x08004ecc   0x0000032c   Code   RO          395    .text               externalcounter.o
    0x080051f8   0x00000294   Code   RO          427    .text               main.o
    0x0800548c   0x000003dc   Code   RO          487    .text               rs485.o
    0x08005868   0x0000005c   Code   RO          552    .text               stm32f1xx_it.o
    0x080058c4   0x00000168   Code   RO          580    .text               string_user.o
    0x08005a2c   0x000001e0   Code   RO          608    .text               transfer.o
    0x08005c0c   0x00000144   Code   RO          638    .text               stm32f1xx_hal.o
    0x08005d50   0x00000be4   Code   RO          664    .text               stm32f1xx_hal_adc.o
    0x08006934   0x0000098c   Code   RO          688    .text               stm32f1xx_hal_adc_ex.o
    0x080072c0   0x000002a8   Code   RO          748    .text               stm32f1xx_hal_cortex.o
    0x08007568   0x00000914   Code   RO          830    .text               stm32f1xx_hal_dma.o
    0x08007e7c   0x00000370   Code   RO          872    .text               stm32f1xx_hal_flash.o
    0x080081ec   0x0000055c   Code   RO          899    .text               stm32f1xx_hal_flash_ex.o
    0x08008748   0x000004ac   Code   RO          924    .text               stm32f1xx_hal_gpio.o
    0x08008bf4   0x00000008   Code   RO         1062    .text               stm32f1xx_hal_msp_template.o
    0x08008bfc   0x00000b16   Code   RO         1140    .text               stm32f1xx_hal_pcd.o
    0x08009712   0x0000003e   Code   RO         1164    .text               stm32f1xx_hal_pcd_ex.o
    0x08009750   0x00000edc   Code   RO         1212    .text               stm32f1xx_hal_rcc.o
    0x0800a62c   0x00000760   Code   RO         1239    .text               stm32f1xx_hal_rcc_ex.o
    0x0800ad8c   0x00002774   Code   RO         1389    .text               stm32f1xx_hal_tim.o
    0x0800d500   0x00000d68   Code   RO         1413    .text               stm32f1xx_hal_tim_ex.o
    0x0800e268   0x00000e2a   Code   RO         1437    .text               stm32f1xx_hal_uart.o
    0x0800f092   0x00000002   PAD
    0x0800f094   0x00000ad4   Code   RO         1539    .text               stm32f1xx_ll_usb.o
    0x0800fb68   0x000000f4   Code   RO         1564    .text               system_stm32f1xx.o
    0x0800fc5c   0x00000024   Code   RO         1594    .text               startup_stm32f103xb.o
    0x0800fc80   0x00000340   Code   RO         1601    .text               usbd_core.o
    0x0800ffc0   0x00000616   Code   RO         1625    .text               usbd_ctlreq.o
    0x080105d6   0x000000c0   Code   RO         1650    .text               usbd_ioreq.o
    0x08010696   0x00000002   PAD
    0x08010698   0x0000036c   Code   RO         1674    .text               usbd_conf.o
    0x08010a04   0x000001a0   Code   RO         1701    .text               usbd_specific.o
    0x08010ba4   0x00000164   Code   RO         1764    .text               usbd_spencific_desc.o
    0x08010d08   0x00000278   Code   RO         1798    .text               usbd_cdc.o
    0x08010f80   0x000000c8   Code   RO         1860    .text               usbd_cdc_interface.o
    0x08011048   0x00000020   Code   RO         1932    .text               mc_w.l(llushr.o)
    0x08011068   0x00000024   Code   RO         1934    .text               mc_w.l(memcpya.o)
    0x0801108c   0x00000024   Code   RO         1936    .text               mc_w.l(memseta.o)
    0x080110b0   0x0000000e   Code   RO         1938    .text               mc_w.l(strlen.o)
    0x080110be   0x00000014   Code   RO         1940    .text               mc_w.l(memchr.o)
    0x080110d2   0x0000001a   Code   RO         2233    .text               mc_w.l(atoi.o)
    0x080110ec   0x000000b0   Code   RO         2235    .text               mf_w.l(fadd.o)
    0x0801119c   0x00000064   Code   RO         2237    .text               mf_w.l(fmul.o)
    0x08011200   0x0000007c   Code   RO         2239    .text               mf_w.l(fdiv.o)
    0x0801127c   0x0000014e   Code   RO         2241    .text               mf_w.l(dadd.o)
    0x080113ca   0x000000e4   Code   RO         2243    .text               mf_w.l(dmul.o)
    0x080114ae   0x000000de   Code   RO         2245    .text               mf_w.l(ddiv.o)
    0x0801158c   0x00000012   Code   RO         2247    .text               mf_w.l(fflti.o)
    0x0801159e   0x0000000a   Code   RO         2249    .text               mf_w.l(ffltui.o)
    0x080115a8   0x00000022   Code   RO         2251    .text               mf_w.l(dflti.o)
    0x080115ca   0x0000001a   Code   RO         2253    .text               mf_w.l(dfltui.o)
    0x080115e4   0x00000028   Code   RO         2255    .text               mf_w.l(dfltl.o)
    0x0801160c   0x00000032   Code   RO         2257    .text               mf_w.l(ffixi.o)
    0x0801163e   0x00000028   Code   RO         2259    .text               mf_w.l(ffixui.o)
    0x08011666   0x0000003e   Code   RO         2261    .text               mf_w.l(dfixi.o)
    0x080116a4   0x00000032   Code   RO         2263    .text               mf_w.l(dfixui.o)
    0x080116d6   0x0000004a   Code   RO         2265    .text               mf_w.l(dfixl.o)
    0x08011720   0x00000026   Code   RO         2267    .text               mf_w.l(f2d.o)
    0x08011746   0x00000002   PAD
    0x08011748   0x00000030   Code   RO         2269    .text               mf_w.l(cdcmple.o)
    0x08011778   0x00000030   Code   RO         2271    .text               mf_w.l(cdrcmple.o)
    0x080117a8   0x00000038   Code   RO         2273    .text               mf_w.l(d2f.o)
    0x080117e0   0x00000014   Code   RO         2275    .text               mf_w.l(cfcmple.o)
    0x080117f4   0x00000014   Code   RO         2277    .text               mf_w.l(cfrcmple.o)
    0x08011808   0x0000002c   Code   RO         2329    .text               mc_w.l(uidiv.o)
    0x08011834   0x0000001e   Code   RO         2333    .text               mc_w.l(llshl.o)
    0x08011852   0x00000024   Code   RO         2335    .text               mc_w.l(llsshr.o)
    0x08011876   0x00000002   PAD
    0x08011878   0x0000009c   Code   RO         2346    .text               mc_w.l(strtod.o)
    0x08011914   0x00000070   Code   RO         2348    .text               mc_w.l(strtol.o)
    0x08011984   0x00000000   Code   RO         2350    .text               mc_w.l(iusefp.o)
    0x08011984   0x0000006e   Code   RO         2351    .text               mf_w.l(fepilogue.o)
    0x080119f2   0x000000ba   Code   RO         2353    .text               mf_w.l(depilogue.o)
    0x08011aac   0x0000002e   Code   RO         2355    .text               mf_w.l(dscalb.o)
    0x08011ada   0x000000a2   Code   RO         2357    .text               mf_w.l(dsqrt.o)
    0x08011b7c   0x00000024   Code   RO         2361    .text               mc_w.l(init.o)
    0x08011ba0   0x00000008   Code   RO         2366    .text               mc_w.l(ctype_o.o)
    0x08011ba8   0x00000012   Code   RO         2388    .text               mc_w.l(isspace_o.o)
    0x08011bba   0x00000002   PAD
    0x08011bbc   0x00000338   Code   RO         2394    .text               mc_w.l(scanf_fp.o)
    0x08011ef4   0x00000040   Code   RO         2398    .text               mc_w.l(_sgetc.o)
    0x08011f34   0x0000009e   Code   RO         2400    .text               mc_w.l(_strtoul.o)
    0x08011fd2   0x0000001c   Code   RO         2406    .text               mc_w.l(_chval.o)
    0x08011fee   0x00000018   Code   RO         2408    .text               mf_w.l(dfltul.o)
    0x08012006   0x00000056   Code   RO         2418    .text               mc_w.l(__dczerorl2.o)
    0x0801205c   0x00000028   Code   RO         1991    i.__0sprintf$1      mc_w.l(printf1.o)
    0x08012084   0x00000028   Code   RO         2296    i.__ARM_fpclassify  m_ws.l(fpclassify.o)
    0x080120ac   0x00000008   Code   RO         2339    i.__aeabi_errno_addr  mc_w.l(errno.o)
    0x080120b4   0x00000388   Code   RO         2301    i.__ieee754_rem_pio2  m_ws.l(rred.o)
    0x0801243c   0x000000fc   Code   RO         2279    i.__kernel_cos      m_ws.l(cos_i.o)
    0x08012538   0x000000aa   Code   RO         2298    i.__kernel_poly     m_ws.l(poly.o)
    0x080125e2   0x00000002   PAD
    0x080125e4   0x000000ec   Code   RO         2306    i.__kernel_sin      m_ws.l(sin_i.o)
    0x080126d0   0x00000010   Code   RO         2282    i.__mathlib_dbl_divzero  m_ws.l(dunder.o)
    0x080126e0   0x00000006   Code   RO         2283    i.__mathlib_dbl_infnan  m_ws.l(dunder.o)
    0x080126e6   0x00000004   Code   RO         2284    i.__mathlib_dbl_infnan2  m_ws.l(dunder.o)
    0x080126ea   0x0000000c   Code   RO         2285    i.__mathlib_dbl_invalid  m_ws.l(dunder.o)
    0x080126f6   0x0000000e   Code   RO         2286    i.__mathlib_dbl_overflow  m_ws.l(dunder.o)
    0x08012704   0x00000010   Code   RO         2288    i.__mathlib_dbl_underflow  m_ws.l(dunder.o)
    0x08012714   0x0000000e   Code   RO         2412    i.__scatterload_copy  mc_w.l(handlers.o)
    0x08012722   0x00000002   Code   RO         2413    i.__scatterload_null  mc_w.l(handlers.o)
    0x08012724   0x0000000e   Code   RO         2414    i.__scatterload_zeroinit  mc_w.l(handlers.o)
    0x08012732   0x00000002   PAD
    0x08012734   0x0000000c   Code   RO         2341    i.__set_errno       mc_w.l(errno.o)
    0x08012740   0x0000000e   Code   RO         2396    i._is_digit         mc_w.l(scanf_fp.o)
    0x0801274e   0x00000002   PAD
    0x08012750   0x00000154   Code   RO         1996    i._printf_core      mc_w.l(printf1.o)
    0x080128a4   0x0000000a   Code   RO         1998    i._sputc            mc_w.l(printf1.o)
    0x080128ae   0x00000002   PAD
    0x080128b0   0x0000027c   Code   RO         1890    i.acos              m_ws.l(acos.o)
    0x08012b2c   0x0000009c   Code   RO         1900    i.cos               m_ws.l(cos.o)
    0x08012bc8   0x0000006c   Code   RO         2206    i.malloc            mc_w.l(malloc.o)
    0x08012c34   0x000009d8   Code   RO         1908    i.pow               m_ws.l(pow.o)
    0x0801360c   0x0000004c   Code   RO         1918    i.sqrt              m_ws.l(sqrt.o)
    0x08013658   0x0000001c   Code   RO         1926    i.strtod            m_ws.l(strtod.o)
    0x08013674   0x00000010   Data   RO         1213    .constdata          stm32f1xx_hal_rcc.o
    0x08013684   0x00000004   PAD
    0x08013688   0x00000050   Data   RO         1891    .constdata          m_ws.l(acos.o)
    0x080136d8   0x00000088   Data   RO         1909    .constdata          m_ws.l(pow.o)
    0x08013760   0x00000030   Data   RO         2280    .constdata          m_ws.l(cos_i.o)
    0x08013790   0x00000008   Data   RO         2300    .constdata          m_ws.l(qnan.o)
    0x08013798   0x000000c8   Data   RO         2303    .constdata          m_ws.l(rred.o)
    0x08013860   0x00000028   Data   RO         2307    .constdata          m_ws.l(sin_i.o)
    0x08013888   0x00000081   Data   RO         2367    .constdata          mc_w.l(ctype_o.o)
    0x08013909   0x00000003   PAD
    0x0801390c   0x00000004   Data   RO         2368    .constdata          mc_w.l(ctype_o.o)
    0x08013910   0x00000020   Data   RO         2410    Region$$Table       anon$$obj.o


    Execution Region RW_IRAM1 (Base: 0x20000000, Size: 0x00002af8, Max: 0x00005000, ABSOLUTE, COMPRESSED[0x000001ec])

    Base Addr    Size         Type   Attr      Idx    E Section Name        Object

    0x20000000   0x00000032   Data   RW            6    .data               board.o
    0x20000032   0x00000006   PAD
    0x20000038   0x00000188   Data   RW          142    .data               closeloopcontrol.o
    0x200001c0   0x00000004   Data   RW          227    .data               command.o
    0x200001c4   0x00000100   Data   RW          280    .data               crc.o
    0x200002c4   0x00000004   PAD
    0x200002c8   0x0000000c   Data   RW          309    .data               encoderincremental.o
    0x200002d4   0x00000004   PAD
    0x200002d8   0x00000024   Data   RW          397    .data               externalcounter.o
    0x200002fc   0x00000024   Data   RW          429    .data               main.o
    0x20000320   0x0000000d   Data   RW          489    .data               rs485.o
    0x2000032d   0x00000003   PAD
    0x20000330   0x00000004   Data   RW          581    .data               string_user.o
    0x20000334   0x00000006   Data   RW          610    .data               transfer.o
    0x2000033a   0x00000002   PAD
    0x2000033c   0x00000004   Data   RW          639    .data               stm32f1xx_hal.o
    0x20000340   0x00000014   Data   RW         1565    .data               system_stm32f1xx.o
    0x20000354   0x00000001   Data   RW         1626    .data               usbd_ctlreq.o
    0x20000355   0x00000003   PAD
    0x20000358   0x00000069   Data   RW         1702    .data               usbd_specific.o
    0x200003c1   0x00000003   PAD
    0x200003c4   0x0000004e   Data   RW         1766    .data               usbd_spencific_desc.o
    0x20000412   0x00000002   PAD
    0x20000414   0x0000008b   Data   RW         1799    .data               usbd_cdc.o
    0x2000049f   0x00000001   PAD
    0x200004a0   0x00000024   Data   RW         1862    .data               usbd_cdc_interface.o
    0x200004c4   0x00000004   Data   RW         2337    .data               mc_w.l(mvars.o)
    0x200004c8   0x00000004   Data   RW         2338    .data               mc_w.l(mvars.o)
    0x200004cc   0x00000004   Data   RW         2342    .data               mc_w.l(errno.o)
    0x200004d0   0x00000124   Zero   RW            5    .bss                board.o
    0x200005f4   0x00000004   PAD
    0x200005f8   0x00000028   Zero   RW          141    .bss                closeloopcontrol.o
    0x20000620   0x00000094   Zero   RW          226    .bss                command.o
    0x200006b4   0x0000003c   Zero   RW          396    .bss                externalcounter.o
    0x200006f0   0x0000044d   Zero   RW          428    .bss                main.o
    0x20000b3d   0x00000003   PAD
    0x20000b40   0x0000010c   Zero   RW          488    .bss                rs485.o
    0x20000c4c   0x00000080   Zero   RW          609    .bss                transfer.o
    0x20000ccc   0x00000004   PAD
    0x20000cd0   0x00000020   Zero   RW          873    .bss                stm32f1xx_hal_flash.o
    0x20000cf0   0x00000038   Zero   RW         1540    .bss                stm32f1xx_ll_usb.o
    0x20000d28   0x00000650   Zero   RW         1675    .bss                usbd_conf.o
    0x20001378   0x00000100   Zero   RW         1765    .bss                usbd_spencific_desc.o
    0x20001478   0x0000107c   Zero   RW         1861    .bss                usbd_cdc_interface.o
    0x200024f4   0x00000004   PAD
    0x200024f8   0x00000200   Zero   RW         1592    HEAP                startup_stm32f103xb.o
    0x200026f8   0x00000400   Zero   RW         1591    STACK               startup_stm32f103xb.o


==============================================================================

Image component sizes


      Code (inc. data)   RO Data    RW Data    ZI Data      Debug   Object Name

      3028        228          0         50        292     297638   board.o
     14808       1068          0        392         40      13578   closeloopcontrol.o
      1764        110          0          4        148      14482   command.o
        44          6          0        256          0       1200   crc.o
       272         24          0         12          0       1756   encoderincremental.o
       812         64          0         36         60       3178   externalcounter.o
       660         80          0         36       1101       5081   main.o
       988         52          0         13        268      44709   rs485.o
        36          8        236          0       1536        796   startup_stm32f103xb.o
       324         22          0          4          0       3923   stm32f1xx_hal.o
      3044         82          0          0          0       9218   stm32f1xx_hal_adc.o
      2444         62          0          0          0       6674   stm32f1xx_hal_adc_ex.o
       680         20          0          0          0      27166   stm32f1xx_hal_cortex.o
      2324         16          0          0          0       4880   stm32f1xx_hal_dma.o
       880         16          0          0         32       3749   stm32f1xx_hal_flash.o
      1372         26          0          0          0       5202   stm32f1xx_hal_flash_ex.o
      1196         32          0          0          0       4075   stm32f1xx_hal_gpio.o
         8          0          0          0          0        790   stm32f1xx_hal_msp_template.o
      2838          0          0          0          0       9923   stm32f1xx_hal_pcd.o
        62          0          0          0          0       1190   stm32f1xx_hal_pcd_ex.o
      3804         86         16          0          0       5575   stm32f1xx_hal_rcc.o
      1888         56          0          0          0       3479   stm32f1xx_hal_rcc_ex.o
     10100         84          0          0          0      32908   stm32f1xx_hal_tim.o
      3432         26          0          0          0      11832   stm32f1xx_hal_tim_ex.o
      3626         24          0          0          0      12375   stm32f1xx_hal_uart.o
        92          8          0          0          0       2213   stm32f1xx_it.o
      2772         10          0          0         56       9730   stm32f1xx_ll_usb.o
       360         20          0          4          0       2082   string_user.o
       244         32          0         20          0       1651   system_stm32f1xx.o
       480         30          0          6        128       2852   transfer.o
       632         18          0        139          0       7005   usbd_cdc.o
       200         22          0         36       4220       3751   usbd_cdc_interface.o
       876         24          0          0       1616       8580   usbd_conf.o
       832          0          0          0          0       5725   usbd_core.o
      1558         30          0          1          0       5106   usbd_ctlreq.o
       192          0          0          0          0       2662   usbd_ioreq.o
       416         14          0        105          0       6198   usbd_specific.o
       356         90          0         78        256       4498   usbd_spencific_desc.o

    ----------------------------------------------------------------------
     69448       2490        288       1220       9768     587430   Object Totals
         0          0         32          0          0          0   (incl. Generated)
         4          0          4         28         15          0   (incl. Padding)

    ----------------------------------------------------------------------

      Code (inc. data)   RO Data    RW Data    ZI Data      Debug   Library Member Name

       636         62         80          0          0        188   acos.o
       156          8          0          0          0        104   cos.o
       252         22         48          0          0        124   cos_i.o
        68         10          0          0          0        408   dunder.o
        40          0          0          0          0         68   fpclassify.o
       170          0          0          0          0         96   poly.o
      2520        190        136          0          0        324   pow.o
         0          0          8          0          0          0   qnan.o
       904         76        200          0          0        140   rred.o
       236         12         40          0          0        128   sin_i.o
        76          0          0          0          0         84   sqrt.o
        28          0          0          0          0         80   strtod.o
        86          0          0          0          0          0   __dczerorl2.o
        28          0          0          0          0         68   _chval.o
        64          0          0          0          0         84   _sgetc.o
       158          0          0          0          0         92   _strtoul.o
        26          0          0          0          0         80   atoi.o
         8          4        133          0          0         68   ctype_o.o
         0          0          0          0          0          0   entry.o
         0          0          0          0          0          0   entry10a.o
         0          0          0          0          0          0   entry11a.o
         8          4          0          0          0          0   entry2.o
         4          0          0          0          0          0   entry5.o
         0          0          0          0          0          0   entry7b.o
         0          0          0          0          0          0   entry8b.o
         8          4          0          0          0          0   entry9a.o
        20         10          0          4          0        136   errno.o
        30          0          0          0          0          0   handlers.o
        36          8          0          0          0         68   init.o
        18          0          0          0          0         76   isspace_o.o
         0          0          0          0          0          0   iusefp.o
        30          0          0          0          0         68   llshl.o
        36          0          0          0          0         68   llsshr.o
        32          0          0          0          0         68   llushr.o
       108         16          0          0          0         84   malloc.o
        20          0          0          0          0         68   memchr.o
        36          0          0          0          0         68   memcpya.o
        36          0          0          0          0        108   memseta.o
         0          0          0          8          0          0   mvars.o
       390         10          0          0          0        252   printf1.o
       838         12          0          0          0        216   scanf_fp.o
        14          0          0          0          0         68   strlen.o
       156         12          0          0          0        120   strtod.o
       112          0          0          0          0         88   strtol.o
        44          0          0          0          0         80   uidiv.o
        48          0          0          0          0         68   cdcmple.o
        48          0          0          0          0         68   cdrcmple.o
        20          0          0          0          0         68   cfcmple.o
        20          0          0          0          0         68   cfrcmple.o
        56          0          0          0          0         88   d2f.o
       334          0          0          0          0        148   dadd.o
       222          0          0          0          0        100   ddiv.o
       186          0          0          0          0        176   depilogue.o
        62          0          0          0          0         80   dfixi.o
        74          0          0          0          0         80   dfixl.o
        50          0          0          0          0         76   dfixui.o
        34          0          0          0          0         76   dflti.o
        40          0          0          0          0         80   dfltl.o
        26          0          0          0          0         76   dfltui.o
        24          0          0          0          0         76   dfltul.o
       228          0          0          0          0         96   dmul.o
        46          0          0          0          0         80   dscalb.o
       162          0          0          0          0        100   dsqrt.o
        38          0          0          0          0         68   f2d.o
       176          0          0          0          0        140   fadd.o
       124          0          0          0          0         88   fdiv.o
       110          0          0          0          0        168   fepilogue.o
        50          0          0          0          0         68   ffixi.o
        40          0          0          0          0         68   ffixui.o
        18          0          0          0          0         68   fflti.o
        10          0          0          0          0         68   ffltui.o
       100          0          0          0          0         76   fmul.o

    ----------------------------------------------------------------------
      9792        460        648         12          0       6188   Library Totals
        14          0          3          0          0          0   (incl. Padding)

    ----------------------------------------------------------------------

      Code (inc. data)   RO Data    RW Data    ZI Data      Debug   Library Name

      5086        380        512          0          0       1744   m_ws.l
      2346         80        133         12          0       2028   mc_w.l
      2346          0          0          0          0       2416   mf_w.l

    ----------------------------------------------------------------------
      9792        460        648         12          0       6188   Library Totals

    ----------------------------------------------------------------------

==============================================================================


      Code (inc. data)   RO Data    RW Data    ZI Data      Debug   

     79240       2950        936       1232       9768     586622   Grand Totals
     79240       2950        936        492       9768     586622   ELF Image Totals (compressed)
     79240       2950        936        492          0          0   ROM Totals

==============================================================================

    Total RO  Size (Code + RO Data)                80176 (  78.30kB)
    Total RW  Size (RW Data + ZI Data)             11000 (  10.74kB)
    Total ROM Size (Code + RO Data + RW Data)      80668 (  78.78kB)

==============================================================================

